Archive member included to satisfy reference by file (symbol)

C:/PROGRA~2/Arm GNU Toolchain arm-none-eabi/13.3 rel1/bin/../lib/gcc/arm-none-eabi/13.3.1/thumb/v7-m/nofp\libgcc.a(_arm_muldf3.o)
                              CMakeFiles/STM32_BLDC_Hall.elf.dir/User_program/Tim1_ISR_MCLoop.c.obj (__aeabi_dmul)
C:/PROGRA~2/Arm GNU Toolchain arm-none-eabi/13.3 rel1/bin/../lib/gcc/arm-none-eabi/13.3.1/thumb/v7-m/nofp\libgcc.a(_arm_addsubdf3.o)
                              CMakeFiles/STM32_BLDC_Hall.elf.dir/User_program/Tim1_ISR_MCLoop.c.obj (__aeabi_i2d)
C:/PROGRA~2/Arm GNU Toolchain arm-none-eabi/13.3 rel1/bin/../lib/gcc/arm-none-eabi/13.3.1/thumb/v7-m/nofp\libgcc.a(_arm_muldivdf3.o)
                              CMakeFiles/STM32_BLDC_Hall.elf.dir/User_program/Tim1_ISR_MCLoop.c.obj (__aeabi_ddiv)
C:/PROGRA~2/Arm GNU Toolchain arm-none-eabi/13.3 rel1/bin/../lib/gcc/arm-none-eabi/13.3.1/thumb/v7-m/nofp\libgcc.a(_arm_fixdfsi.o)
                              CMakeFiles/STM32_BLDC_Hall.elf.dir/User_program/Tim1_ISR_MCLoop.c.obj (__aeabi_d2iz)
C:/PROGRA~2/Arm GNU Toolchain arm-none-eabi/13.3 rel1/bin/../lib/gcc/arm-none-eabi/13.3.1/thumb/v7-m/nofp\libg_nano.a(libc_a-exit.o)
                              C:/PROGRA~2/Arm GNU Toolchain arm-none-eabi/13.3 rel1/bin/../lib/gcc/arm-none-eabi/13.3.1/thumb/v7-m/nofp/crt0.o (exit)
C:/PROGRA~2/Arm GNU Toolchain arm-none-eabi/13.3 rel1/bin/../lib/gcc/arm-none-eabi/13.3.1/thumb/v7-m/nofp\libg_nano.a(libc_a-nano-vfprintf_float.o)
                              (_printf_float)
C:/PROGRA~2/Arm GNU Toolchain arm-none-eabi/13.3 rel1/bin/../lib/gcc/arm-none-eabi/13.3.1/thumb/v7-m/nofp\libg_nano.a(libc_a-nano-vfprintf_i.o)
                              C:/PROGRA~2/Arm GNU Toolchain arm-none-eabi/13.3 rel1/bin/../lib/gcc/arm-none-eabi/13.3.1/thumb/v7-m/nofp\libg_nano.a(libc_a-nano-vfprintf_float.o) (_printf_common)
C:/PROGRA~2/Arm GNU Toolchain arm-none-eabi/13.3 rel1/bin/../lib/gcc/arm-none-eabi/13.3.1/thumb/v7-m/nofp\libg_nano.a(libc_a-findfp.o)
                              C:/PROGRA~2/Arm GNU Toolchain arm-none-eabi/13.3 rel1/bin/../lib/gcc/arm-none-eabi/13.3.1/thumb/v7-m/nofp\libg_nano.a(libc_a-exit.o) (__stdio_exit_handler)
C:/PROGRA~2/Arm GNU Toolchain arm-none-eabi/13.3 rel1/bin/../lib/gcc/arm-none-eabi/13.3.1/thumb/v7-m/nofp\libg_nano.a(libc_a-fwalk.o)
                              C:/PROGRA~2/Arm GNU Toolchain arm-none-eabi/13.3 rel1/bin/../lib/gcc/arm-none-eabi/13.3.1/thumb/v7-m/nofp\libg_nano.a(libc_a-findfp.o) (_fwalk_sglue)
C:/PROGRA~2/Arm GNU Toolchain arm-none-eabi/13.3 rel1/bin/../lib/gcc/arm-none-eabi/13.3.1/thumb/v7-m/nofp\libg_nano.a(libc_a-printf.o)
                              CMakeFiles/STM32_BLDC_Hall.elf.dir/main.c.obj (printf)
C:/PROGRA~2/Arm GNU Toolchain arm-none-eabi/13.3 rel1/bin/../lib/gcc/arm-none-eabi/13.3.1/thumb/v7-m/nofp\libg_nano.a(libc_a-puts.o)
                              CMakeFiles/STM32_BLDC_Hall.elf.dir/User_program/hello_world.c.obj (puts)
C:/PROGRA~2/Arm GNU Toolchain arm-none-eabi/13.3 rel1/bin/../lib/gcc/arm-none-eabi/13.3.1/thumb/v7-m/nofp\libg_nano.a(libc_a-setvbuf.o)
                              CMakeFiles/STM32_BLDC_Hall.elf.dir/User_program/printf_uart.c.obj (setvbuf)
C:/PROGRA~2/Arm GNU Toolchain arm-none-eabi/13.3 rel1/bin/../lib/gcc/arm-none-eabi/13.3.1/thumb/v7-m/nofp\libg_nano.a(libc_a-stdio.o)
                              C:/PROGRA~2/Arm GNU Toolchain arm-none-eabi/13.3 rel1/bin/../lib/gcc/arm-none-eabi/13.3.1/thumb/v7-m/nofp\libg_nano.a(libc_a-findfp.o) (__sread)
C:/PROGRA~2/Arm GNU Toolchain arm-none-eabi/13.3 rel1/bin/../lib/gcc/arm-none-eabi/13.3.1/thumb/v7-m/nofp\libg_nano.a(libc_a-wbuf.o)
                              C:/PROGRA~2/Arm GNU Toolchain arm-none-eabi/13.3 rel1/bin/../lib/gcc/arm-none-eabi/13.3.1/thumb/v7-m/nofp\libg_nano.a(libc_a-puts.o) (__swbuf_r)
C:/PROGRA~2/Arm GNU Toolchain arm-none-eabi/13.3 rel1/bin/../lib/gcc/arm-none-eabi/13.3.1/thumb/v7-m/nofp\libg_nano.a(libc_a-wsetup.o)
                              C:/PROGRA~2/Arm GNU Toolchain arm-none-eabi/13.3 rel1/bin/../lib/gcc/arm-none-eabi/13.3.1/thumb/v7-m/nofp\libg_nano.a(libc_a-puts.o) (__swsetup_r)
C:/PROGRA~2/Arm GNU Toolchain arm-none-eabi/13.3 rel1/bin/../lib/gcc/arm-none-eabi/13.3.1/thumb/v7-m/nofp\libg_nano.a(libc_a-memset.o)
                              C:/PROGRA~2/Arm GNU Toolchain arm-none-eabi/13.3 rel1/bin/../lib/gcc/arm-none-eabi/13.3.1/thumb/v7-m/nofp/crt0.o (memset)
C:/PROGRA~2/Arm GNU Toolchain arm-none-eabi/13.3 rel1/bin/../lib/gcc/arm-none-eabi/13.3.1/thumb/v7-m/nofp\libg_nano.a(libc_a-localeconv.o)
                              C:/PROGRA~2/Arm GNU Toolchain arm-none-eabi/13.3 rel1/bin/../lib/gcc/arm-none-eabi/13.3.1/thumb/v7-m/nofp\libg_nano.a(libc_a-nano-vfprintf_float.o) (_localeconv_r)
C:/PROGRA~2/Arm GNU Toolchain arm-none-eabi/13.3 rel1/bin/../lib/gcc/arm-none-eabi/13.3.1/thumb/v7-m/nofp\libg_nano.a(libc_a-closer.o)
[...]
Memory Configuration

Name             Origin             Length             Attributes
RAM              0x20000000         0x00005000         xrw
FLASH            0x08000000         0x00010000         xr
*default*        0x00000000         0xffffffff

Linker script and memory map

LOAD C:/PROGRA~2/Arm GNU Toolchain arm-none-eabi/13.3 rel1/bin/../lib/gcc/arm-none-eabi/13.3.1/thumb/v7-m/nofp/crti.o
LOAD C:/PROGRA~2/Arm GNU Toolchain arm-none-eabi/13.3 rel1/bin/../lib/gcc/arm-none-eabi/13.3.1/thumb/v7-m/nofp/crtbegin.o
LOAD C:/PROGRA~2/Arm GNU Toolchain arm-none-eabi/13.3 rel1/bin/../lib/gcc/arm-none-eabi/13.3.1/thumb/v7-m/nofp/crt0.o
LOAD CMakeFiles/STM32_BLDC_Hall.elf.dir/User_program/ADC_int.c.obj
LOAD CMakeFiles/STM32_BLDC_Hall.elf.dir/User_program/Axis_transform.c.obj
LOAD CMakeFiles/STM32_BLDC_Hall.elf.dir/User_program/GPIO_int.c.obj
LOAD CMakeFiles/STM32_BLDC_Hall.elf.dir/User_program/IQ_math.c.obj
LOAD CMakeFiles/STM32_BLDC_Hall.elf.dir/User_program/PI_Cale.c.obj
LOAD CMakeFiles/STM32_BLDC_Hall.elf.dir/User_program/Svpwm_dq.c.obj
LOAD CMakeFiles/STM32_BLDC_Hall.elf.dir/User_program/Task_function.c.obj
LOAD CMakeFiles/STM32_BLDC_Hall.elf.dir/User_program/ThreeHall.c.obj
LOAD CMakeFiles/STM32_BLDC_Hall.elf.dir/User_program/Tim1_ISR_MCLoop.c.obj
LOAD CMakeFiles/STM32_BLDC_Hall.elf.dir/User_program/Tim1_PWM.c.obj
LOAD CMakeFiles/STM32_BLDC_Hall.elf.dir/User_program/Tim4_Encoder_PWMDAC.c.obj
LOAD CMakeFiles/STM32_BLDC_Hall.elf.dir/User_program/Timer.c.obj
LOAD CMakeFiles/STM32_BLDC_Hall.elf.dir/User_program/hello_world.c.obj
LOAD CMakeFiles/STM32_BLDC_Hall.elf.dir/User_program/printf_uart.c.obj
LOAD CMakeFiles/STM32_BLDC_Hall.elf.dir/FWlib/src/misc.c.obj
LOAD CMakeFiles/STM32_BLDC_Hall.elf.dir/FWlib/src/stm32f10x_adc.c.obj
LOAD CMakeFiles/STM32_BLDC_Hall.elf.dir/FWlib/src/stm32f10x_bkp.c.obj
LOAD CMakeFiles/STM32_BLDC_Hall.elf.dir/FWlib/src/stm32f10x_can.c.obj
LOAD CMakeFiles/STM32_BLDC_Hall.elf.dir/FWlib/src/stm32f10x_cec.c.obj
LOAD CMakeFiles/STM32_BLDC_Hall.elf.dir/FWlib/src/stm32f10x_crc.c.obj
LOAD CMakeFiles/STM32_BLDC_Hall.elf.dir/FWlib/src/stm32f10x_dac.c.obj
LOAD CMakeFiles/STM32_BLDC_Hall.elf.dir/FWlib/src/stm32f10x_dbgmcu.c.obj
LOAD CMakeFiles/STM32_BLDC_Hall.elf.dir/FWlib/src/stm32f10x_dma.c.obj
LOAD CMakeFiles/STM32_BLDC_Hall.elf.dir/FWlib/src/stm32f10x_exti.c.obj
LOAD CMakeFiles/STM32_BLDC_Hall.elf.dir/FWlib/src/stm32f10x_flash.c.obj
LOAD CMakeFiles/STM32_BLDC_Hall.elf.dir/FWlib/src/stm32f10x_fsmc.c.obj
LOAD CMakeFiles/STM32_BLDC_Hall.elf.dir/FWlib/src/stm32f10x_gpio.c.obj
LOAD CMakeFiles/STM32_BLDC_Hall.elf.dir/FWlib/src/stm32f10x_i2c.c.obj
LOAD CMakeFiles/STM32_BLDC_Hall.elf.dir/FWlib/src/stm32f10x_it.c.obj
LOAD CMakeFiles/STM32_BLDC_Hall.elf.dir/FWlib/src/stm32f10x_iwdg.c.obj
LOAD CMakeFiles/STM32_BLDC_Hall.elf.dir/FWlib/src/stm32f10x_pwr.c.obj
LOAD CMakeFiles/STM32_BLDC_Hall.elf.dir/FWlib/src/stm32f10x_rcc.c.obj
LOAD CMakeFiles/STM32_BLDC_Hall.elf.dir/FWlib/src/stm32f10x_rtc.c.obj
LOAD CMakeFiles/STM32_BLDC_Hall.elf.dir/FWlib/src/stm32f10x_sdio.c.obj
LOAD CMakeFiles/STM32_BLDC_Hall.elf.dir/FWlib/src/stm32f10x_spi.c.obj
LOAD CMakeFiles/STM32_BLDC_Hall.elf.dir/FWlib/src/stm32f10x_tim.c.obj
LOAD CMakeFiles/STM32_BLDC_Hall.elf.dir/FWlib/src/stm32f10x_usart.c.obj
LOAD CMakeFiles/STM32_BLDC_Hall.elf.dir/FWlib/src/stm32f10x_wwdg.c.obj
LOAD CMakeFiles/STM32_BLDC_Hall.elf.dir/main.c.obj
LOAD CMakeFiles/STM32_BLDC_Hall.elf.dir/startup/startup_stm32f103xb.s.obj
LOAD CMakeFiles/STM32_BLDC_Hall.elf.dir/CMSIS/core_cm3.c.obj
LOAD CMakeFiles/STM32_BLDC_Hall.elf.dir/CMSIS/system_stm32f10x.c.obj
START GROUP
LOAD C:/PROGRA~2/Arm GNU Toolchain arm-none-eabi/13.3 rel1/bin/../lib/gcc/arm-none-eabi/13.3.1/thumb/v7-m/nofp\libgcc.a
LOAD C:/PROGRA~2/Arm GNU Toolchain arm-none-eabi/13.3 rel1/bin/../lib/gcc/arm-none-eabi/13.3.1/thumb/v7-m/nofp\libg_nano.a
LOAD C:/PROGRA~2/Arm GNU Toolchain arm-none-eabi/13.3 rel1/bin/../lib/gcc/arm-none-eabi/13.3.1/thumb/v7-m/nofp\libc_nano.a
END GROUP
START GROUP
LOAD C:/PROGRA~2/Arm GNU Toolchain arm-none-eabi/13.3 rel1/bin/../lib/gcc/arm-none-eabi/13.3.1/thumb/v7-m/nofp\libgcc.a
LOAD C:/PROGRA~2/Arm GNU Toolchain arm-none-eabi/13.3 rel1/bin/../lib/gcc/arm-none-eabi/13.3.1/thumb/v7-m/nofp\libc_nano.a
LOAD C:/PROGRA~2/Arm GNU Toolchain arm-none-eabi/13.3 rel1/bin/../lib/gcc/arm-none-eabi/13.3.1/thumb/v7-m/nofp\libnosys.a
END GROUP
START GROUP
LOAD C:/PROGRA~2/Arm GNU Toolchain arm-none-eabi/13.3 rel1/bin/../lib/gcc/arm-none-eabi/13.3.1/thumb/v7-m/nofp\libgcc.a
LOAD C:/PROGRA~2/Arm GNU Toolchain arm-none-eabi/13.3 rel1/bin/../lib/gcc/arm-none-eabi/13.3.1/thumb/v7-m/nofp\libc_nano.a
LOAD C:/PROGRA~2/Arm GNU Toolchain arm-none-eabi/13.3 rel1/bin/../lib/gcc/arm-none-eabi/13.3.1/thumb/v7-m/nofp\libnosys.a
END GROUP
LOAD C:/PROGRA~2/Arm GNU Toolchain arm-none-eabi/13.3 rel1/bin/../lib/gcc/arm-none-eabi/13.3.1/thumb/v7-m/nofp/crtend.o
LOAD C:/PROGRA~2/Arm GNU Toolchain arm-none-eabi/13.3 rel1/bin/../lib/gcc/arm-none-eabi/13.3.1/thumb/v7-m/nofp/crtn.o
                0x20005000                        _estack = 0x20005000
                0x00000200                        _Min_Heap_Size = 0x200
                0x00000400                        _Min_Stack_Size = 0x400

.isr_vector     0x08000000      0x10c
                0x08000000                        . = ALIGN (0x4)
 *(.isr_vector)
 .isr_vector    0x08000000      0x10c CMakeFiles/STM32_BLDC_Hall.elf.dir/startup/startup_stm32f103xb.s.obj
                0x08000000                g_pfnVectors
                0x0800010c                        . = ALIGN (0x4)

.text           0x08000110     0x6c60
                0x08000110                        . = ALIGN (0x4)
 *(.text)
 .text          0x08000110      0x378 C:/PROGRA~2/Arm GNU Toolchain arm-none-eabi/13.3 rel1/bin/../lib/gcc/arm-none-eabi/13.3.1/thumb/v7-m/nofp\libgcc.a(_arm_addsubdf3.o)
                0x08000110                __aeabi_drsub
                0x08000118                __aeabi_dsub
                0x08000118                __subdf3
                0x0800011c                __aeabi_dadd
                0x0800011c                __adddf3
                0x08000394                __floatunsidf
                0x08000394                __aeabi_ui2d
                0x080003b4                __floatsidf
                0x080003b4                __aeabi_i2d
                0x080003d8                __aeabi_f2d
                0x080003d8                __extendsfdf2
                0x0800041c                __floatundidf
                0x0800041c                __aeabi_ul2d
                0x0800042c                __floatdidf
                0x0800042c                __aeabi_l2d
 .text          0x08000488      0x424 C:/PROGRA~2/Arm GNU Toolchain arm-none-eabi/13.3 rel1/bin/../lib/gcc/arm-none-eabi/13.3.1/thumb/v7-m/nofp\libgcc.a(_arm_muldivdf3.o)
                0x08000488                __aeabi_dmul
                0x08000488                __muldf3
                0x080006dc                __divdf3
                0x080006dc                __aeabi_ddiv
 .text          0x080008ac       0x50 C:/PROGRA~2/Arm GNU Toolchain arm-none-eabi/13.3 rel1/bin/../lib/gcc/arm-none-eabi/13.3.1/thumb/v7-m/nofp\libgcc.a(_arm_fixdfsi.o)
                0x080008ac                __aeabi_d2iz
                0x080008ac                __fixdfsi
 .text          0x080008fc       0x10 C:/PROGRA~2/Arm GNU Toolchain arm-none-eabi/13.3 rel1/bin/../lib/gcc/arm-none-eabi/13.3.1/thumb/v7-m/nofp\libg_nano.a(libc_a-strlen.o)
                0x080008fc                strlen
 .text          0x0800090c      0x110 C:/PROGRA~2/Arm GNU Toolchain arm-none-eabi/13.3 rel1/bin/../lib/gcc/arm-none-eabi/13.3.1/thumb/v7-m/nofp\libgcc.a(_arm_cmpdf2.o)
                0x0800090c                __gtdf2
                0x0800090c                __gedf2
                0x08000914                __ltdf2
                0x08000914                __ledf2
                0x0800091c                __nedf2
                0x0800091c                __eqdf2
                0x0800091c                __cmpdf2
                0x08000998                __aeabi_cdrcmple
                0x080009a8                __aeabi_cdcmpeq
                0x080009a8                __aeabi_cdcmple
                0x080009b8                __aeabi_dcmpeq
                0x080009cc                __aeabi_dcmplt
                0x080009e0                __aeabi_dcmple
                0x080009f4                __aeabi_dcmpge
                0x08000a08                __aeabi_dcmpgt
 .text          0x08000a1c       0x2c C:/PROGRA~2/Arm GNU Toolchain arm-none-eabi/13.3 rel1/bin/../lib/gcc/arm-none-eabi/13.3.1/thumb/v7-m/nofp\libgcc.a(_arm_unorddf2.o)
                0x08000a1c                __unorddf2
                0x08000a1c                __aeabi_dcmpun
 *(.text*)
 .text.deregister_tm_clones
                0x08000a48       0x1c C:/PROGRA~2/Arm GNU Toolchain arm-none-eabi/13.3 rel1/bin/../lib/gcc/arm-none-eabi/13.3.1/thumb/v7-m/nofp/crtbegin.o
 .text.register_tm_clones
                0x08000a64       0x24 C:/PROGRA~2/Arm GNU Toolchain arm-none-eabi/13.3 rel1/bin/../lib/gcc/arm-none-eabi/13.3.1/thumb/v7-m/nofp/crtbegin.o
 .text.__do_global_dtors_aux
                0x08000a88       0x28 C:/PROGRA~2/Arm GNU Toolchain arm-none-eabi/13.3 rel1/bin/../lib/gcc/arm-none-eabi/13.3.1/thumb/v7-m/nofp/crtbegin.o
 .text.frame_dummy
                0x08000ab0       0x24 C:/PROGRA~2/Arm GNU Toolchain arm-none-eabi/13.3 rel1/bin/../lib/gcc/arm-none-eabi/13.3.1/thumb/v7-m/nofp/crtbegin.o
 .text.ADC1_Configuration
                0x08000ad4       0xd0 CMakeFiles/STM32_BLDC_Hall.elf.dir/User_program/ADC_int.c.obj
                0x08000ad4                ADC1_Configuration
 .text.DMA_Configuration
                0x08000ba4       0x6c CMakeFiles/STM32_BLDC_Hall.elf.dir/User_program/ADC_int.c.obj
                0x08000ba4                DMA_Configuration
 .text.Offset_CurrentReading
                0x08000c10       0xec CMakeFiles/STM32_BLDC_Hall.elf.dir/User_program/ADC_int.c.obj
                0x08000c10                Offset_CurrentReading
 .text.ADC_Sample
                0x08000cfc       0x78 CMakeFiles/STM32_BLDC_Hall.elf.dir/User_program/ADC_int.c.obj
                0x08000cfc                ADC_Sample
 .text.Protection_software
                0x08000d74       0x30 CMakeFiles/STM32_BLDC_Hall.elf.dir/User_program/ADC_int.c.obj
                0x08000d74                Protection_software
 .text.CLARKE_Cale
                0x08000da4       0x34 CMakeFiles/STM32_BLDC_Hall.elf.dir/User_program/Axis_transform.c.obj
                0x08000da4                CLARKE_Cale
 .text.PARK_Cale
                0x08000dd8       0x56 CMakeFiles/STM32_BLDC_Hall.elf.dir/User_program/Axis_transform.c.obj
                0x08000dd8                PARK_Cale
 .text.IPARK_Cale
                0x08000e2e       0x56 CMakeFiles/STM32_BLDC_Hall.elf.dir/User_program/Axis_transform.c.obj
                0x08000e2e                IPARK_Cale
 .text.Delay    0x08000e84       0x34 CMakeFiles/STM32_BLDC_Hall.elf.dir/User_program/GPIO_int.c.obj
                0x08000e84                Delay
 .text.GPIO_LED485RE_int
                0x08000eb8       0x30 CMakeFiles/STM32_BLDC_Hall.elf.dir/User_program/GPIO_int.c.obj
                0x08000eb8                GPIO_LED485RE_int
 .text.InitThreeHallGpio
                0x08000ee8       0x2c CMakeFiles/STM32_BLDC_Hall.elf.dir/User_program/GPIO_int.c.obj
                0x08000ee8                InitThreeHallGpio
 .text.Init_PWMDAC_Gpio
                0x08000f14       0x3c CMakeFiles/STM32_BLDC_Hall.elf.dir/User_program/GPIO_int.c.obj
                0x08000f14                Init_PWMDAC_Gpio
 .text.Init_Gpio_ADC
                0x08000f50       0x3c CMakeFiles/STM32_BLDC_Hall.elf.dir/User_program/GPIO_int.c.obj
                0x08000f50                Init_Gpio_ADC
 .text.Init_Gpio_TIM1_PWM
                0x08000f8c       0x68 CMakeFiles/STM32_BLDC_Hall.elf.dir/User_program/GPIO_int.c.obj
                0x08000f8c                Init_Gpio_TIM1_PWM
 .text.LED1_Toggle
                0x08000ff4       0x28 CMakeFiles/STM32_BLDC_Hall.elf.dir/User_program/GPIO_int.c.obj
                0x08000ff4                LED1_Toggle
 .text.IQSin_Cos_Cale
                0x0800101c       0xf8 CMakeFiles/STM32_BLDC_Hall.elf.dir/User_program/IQ_math.c.obj
                0x0800101c                IQSin_Cos_Cale
 .text.IQsat    0x08001114       0x38 CMakeFiles/STM32_BLDC_Hall.elf.dir/User_program/IQ_math.c.obj
                0x08001114                IQsat
 .text.PI_Controller
                0x0800114c       0x80 CMakeFiles/STM32_BLDC_Hall.elf.dir/User_program/PI_Cale.c.obj
                0x0800114c                PI_Controller
 .text.PI_Pare_init
                0x080011cc       0x78 CMakeFiles/STM32_BLDC_Hall.elf.dir/User_program/PI_Cale.c.obj
                0x080011cc                PI_Pare_init
 .text.SVPWM_Cale
                0x08001244      0x120 CMakeFiles/STM32_BLDC_Hall.elf.dir/User_program/Svpwm_dq.c.obj
                0x08001244                SVPWM_Cale
 .text.knob_control
                0x08001364      0x134 CMakeFiles/STM32_BLDC_Hall.elf.dir/User_program/Task_function.c.obj
                0x08001364                knob_control
 .text.ThreeHallPara_init
                0x08001498       0x98 CMakeFiles/STM32_BLDC_Hall.elf.dir/User_program/ThreeHall.c.obj
                0x08001498                ThreeHallPara_init
 .text.ThreeHallanglecale
                0x08001530      0x760 CMakeFiles/STM32_BLDC_Hall.elf.dir/User_program/ThreeHall.c.obj
                0x08001530                ThreeHallanglecale
 .text.Hall_Three_Speedcale
                0x08001c90       0xcc CMakeFiles/STM32_BLDC_Hall.elf.dir/User_program/ThreeHall.c.obj
                0x08001c90                Hall_Three_Speedcale
 .text.TIM1_UP_IRQHandler
                0x08001d5c      0x314 CMakeFiles/STM32_BLDC_Hall.elf.dir/User_program/Tim1_ISR_MCLoop.c.obj
                0x08001d5c                TIM1_UP_IRQHandler
 .text.Tim1_PWM_Init
                0x08002070      0x14c CMakeFiles/STM32_BLDC_Hall.elf.dir/User_program/Tim1_PWM.c.obj
                0x08002070                Tim1_PWM_Init
 .text.Svpwm_Outpwm
                0x080021bc       0x90 CMakeFiles/STM32_BLDC_Hall.elf.dir/User_program/Tim1_PWM.c.obj
                0x080021bc                Svpwm_Outpwm
 .text.Start_Motor
                0x0800224c       0x38 CMakeFiles/STM32_BLDC_Hall.elf.dir/User_program/Tim1_PWM.c.obj
                0x0800224c                Start_Motor
 .text.Stop_Motor
                0x08002284       0x3c CMakeFiles/STM32_BLDC_Hall.elf.dir/User_program/Tim1_PWM.c.obj
                0x08002284                Stop_Motor
 .text.TIM4PWMDAC_Config
                0x080022c0       0xd0 CMakeFiles/STM32_BLDC_Hall.elf.dir/User_program/Tim4_Encoder_PWMDAC.c.obj
                0x080022c0                TIM4PWMDAC_Config
 .text.RunSystimer
                0x08002390      0x12c CMakeFiles/STM32_BLDC_Hall.elf.dir/User_program/Timer.c.obj
                0x08002390                RunSystimer
 .text.CLEAR_flag
                0x080024bc       0x90 CMakeFiles/STM32_BLDC_Hall.elf.dir/User_program/Timer.c.obj
                0x080024bc                CLEAR_flag
 .text.Timer2Config
                0x0800254c       0x62 CMakeFiles/STM32_BLDC_Hall.elf.dir/User_program/Timer.c.obj
                0x0800254c                Timer2Config
 *fill*         0x080025ae        0x2 
 .text.TIM2_IRQHandler
                0x080025b0       0x2c CMakeFiles/STM32_BLDC_Hall.elf.dir/User_program/Timer.c.obj
                0x080025b0                TIM2_IRQHandler
 .text.PrintfInit
                0x080025dc       0x30 CMakeFiles/STM32_BLDC_Hall.elf.dir/User_program/printf_uart.c.obj
                0x080025dc                PrintfInit
 .text.Uart3Init
                0x0800260c       0xb0 CMakeFiles/STM32_BLDC_Hall.elf.dir/User_program/printf_uart.c.obj
                0x0800260c                Uart3Init
 .text._isatty  0x080026bc       0x24 CMakeFiles/STM32_BLDC_Hall.elf.dir/User_program/printf_uart.c.obj
                0x080026bc                _isatty
 .text._write   0x080026e0       0x7c CMakeFiles/STM32_BLDC_Hall.elf.dir/User_program/printf_uart.c.obj
                0x080026e0                _write
 .text._close   0x0800275c       0x26 CMakeFiles/STM32_BLDC_Hall.elf.dir/User_program/printf_uart.c.obj
                0x0800275c                _close
 .text._lseek   0x08002782       0x1a CMakeFiles/STM32_BLDC_Hall.elf.dir/User_program/printf_uart.c.obj
                0x08002782                _lseek
 .text._read    0x0800279c       0x44 CMakeFiles/STM32_BLDC_Hall.elf.dir/User_program/printf_uart.c.obj
                0x0800279c                _read
 .text.USART3_IRQHandler
                0x080027e0       0x88 CMakeFiles/STM32_BLDC_Hall.elf.dir/User_program/printf_uart.c.obj
                0x080027e0                USART3_IRQHandler
 .text.NVIC_PriorityGroupConfig
                0x08002868       0x24 CMakeFiles/STM32_BLDC_Hall.elf.dir/FWlib/src/misc.c.obj
                0x08002868                NVIC_PriorityGroupConfig
 .text.NVIC_Init
                0x0800288c       0xc4 CMakeFiles/STM32_BLDC_Hall.elf.dir/FWlib/src/misc.c.obj
                0x0800288c                NVIC_Init
 .text.ADC_DeInit
                0x08002950       0x74 CMakeFiles/STM32_BLDC_Hall.elf.dir/FWlib/src/stm32f10x_adc.c.obj
                0x08002950                ADC_DeInit
 .text.ADC_Init
                0x080029c4       0xa4 CMakeFiles/STM32_BLDC_Hall.elf.dir/FWlib/src/stm32f10x_adc.c.obj
                0x080029c4                ADC_Init
 .text.ADC_StructInit
                0x08002a68       0x36 CMakeFiles/STM32_BLDC_Hall.elf.dir/FWlib/src/stm32f10x_adc.c.obj
                0x08002a68                ADC_StructInit
 .text.ADC_Cmd  0x08002a9e       0x36 CMakeFiles/STM32_BLDC_Hall.elf.dir/FWlib/src/stm32f10x_adc.c.obj
                0x08002a9e                ADC_Cmd
 .text.ADC_DMACmd
                0x08002ad4       0x36 CMakeFiles/STM32_BLDC_Hall.elf.dir/FWlib/src/stm32f10x_adc.c.obj
                0x08002ad4                ADC_DMACmd
 .text.ADC_ResetCalibration
                0x08002b0a       0x1e CMakeFiles/STM32_BLDC_Hall.elf.dir/FWlib/src/stm32f10x_adc.c.obj
                0x08002b0a                ADC_ResetCalibration
 .text.ADC_GetResetCalibrationStatus
                0x08002b28       0x2e CMakeFiles/STM32_BLDC_Hall.elf.dir/FWlib/src/stm32f10x_adc.c.obj
                0x08002b28                ADC_GetResetCalibrationStatus
 .text.ADC_StartCalibration
                0x08002b56       0x1e CMakeFiles/STM32_BLDC_Hall.elf.dir/FWlib/src/stm32f10x_adc.c.obj
                0x08002b56                ADC_StartCalibration
 .text.ADC_GetCalibrationStatus
                0x08002b74       0x2e CMakeFiles/STM32_BLDC_Hall.elf.dir/FWlib/src/stm32f10x_adc.c.obj
                0x08002b74                ADC_GetCalibrationStatus
 .text.ADC_SoftwareStartConvCmd
                0x08002ba2       0x36 CMakeFiles/STM32_BLDC_Hall.elf.dir/FWlib/src/stm32f10x_adc.c.obj
                0x08002ba2                ADC_SoftwareStartConvCmd
 .text.ADC_RegularChannelConfig
                0x08002bd8      0x192 CMakeFiles/STM32_BLDC_Hall.elf.dir/FWlib/src/stm32f10x_adc.c.obj
                0x08002bd8                ADC_RegularChannelConfig
 *fill*         0x08002d6a        0x2 
 .text.DMA_DeInit
                0x08002d6c      0x178 CMakeFiles/STM32_BLDC_Hall.elf.dir/FWlib/src/stm32f10x_dma.c.obj
                0x08002d6c                DMA_DeInit
 .text.DMA_Init
                0x08002ee4       0x7c CMakeFiles/STM32_BLDC_Hall.elf.dir/FWlib/src/stm32f10x_dma.c.obj
                0x08002ee4                DMA_Init
 .text.DMA_Cmd  0x08002f60       0x38 CMakeFiles/STM32_BLDC_Hall.elf.dir/FWlib/src/stm32f10x_dma.c.obj
                0x08002f60                DMA_Cmd
 .text.GPIO_Init
                0x08002f98      0x178 CMakeFiles/STM32_BLDC_Hall.elf.dir/FWlib/src/stm32f10x_gpio.c.obj
                0x08002f98                GPIO_Init
 .text.GPIO_StructInit
                0x08003110       0x26 CMakeFiles/STM32_BLDC_Hall.elf.dir/FWlib/src/stm32f10x_gpio.c.obj
                0x08003110                GPIO_StructInit
 .text.GPIO_ReadInputDataBit
                0x08003136       0x32 CMakeFiles/STM32_BLDC_Hall.elf.dir/FWlib/src/stm32f10x_gpio.c.obj
                0x08003136                GPIO_ReadInputDataBit
 .text.GPIO_PinRemapConfig
                0x08003168       0xe0 CMakeFiles/STM32_BLDC_Hall.elf.dir/FWlib/src/stm32f10x_gpio.c.obj
                0x08003168                GPIO_PinRemapConfig
 .text.TIM1_BRK_IRQHandler
                0x08003248       0x18 CMakeFiles/STM32_BLDC_Hall.elf.dir/FWlib/src/stm32f10x_it.c.obj
                0x08003248                TIM1_BRK_IRQHandler
 .text.RCC_ADCCLKConfig
                0x08003260       0x38 CMakeFiles/STM32_BLDC_Hall.elf.dir/FWlib/src/stm32f10x_rcc.c.obj
                0x08003260                RCC_ADCCLKConfig
 .text.RCC_GetClocksFreq
                0x08003298      0x16c CMakeFiles/STM32_BLDC_Hall.elf.dir/FWlib/src/stm32f10x_rcc.c.obj
                0x08003298                RCC_GetClocksFreq
 .text.RCC_AHBPeriphClockCmd
                0x08003404       0x3c CMakeFiles/STM32_BLDC_Hall.elf.dir/FWlib/src/stm32f10x_rcc.c.obj
                0x08003404                RCC_AHBPeriphClockCmd
 .text.RCC_APB2PeriphClockCmd
                0x08003440       0x3c CMakeFiles/STM32_BLDC_Hall.elf.dir/FWlib/src/stm32f10x_rcc.c.obj
                0x08003440                RCC_APB2PeriphClockCmd
 .text.RCC_APB1PeriphClockCmd
                0x0800347c       0x3c CMakeFiles/STM32_BLDC_Hall.elf.dir/FWlib/src/stm32f10x_rcc.c.obj
                0x0800347c                RCC_APB1PeriphClockCmd
 .text.RCC_APB2PeriphResetCmd
                0x080034b8       0x3c CMakeFiles/STM32_BLDC_Hall.elf.dir/FWlib/src/stm32f10x_rcc.c.obj
                0x080034b8                RCC_APB2PeriphResetCmd
 .text.TIM_TimeBaseInit
                0x080034f4       0xf8 CMakeFiles/STM32_BLDC_Hall.elf.dir/FWlib/src/stm32f10x_tim.c.obj
                0x080034f4                TIM_TimeBaseInit
 .text.TIM_OC1Init
                0x080035ec      0x118 CMakeFiles/STM32_BLDC_Hall.elf.dir/FWlib/src/stm32f10x_tim.c.obj
                0x080035ec                TIM_OC1Init
 .text.TIM_OC2Init
                0x08003704      0x110 CMakeFiles/STM32_BLDC_Hall.elf.dir/FWlib/src/stm32f10x_tim.c.obj
                0x08003704                TIM_OC2Init
 .text.TIM_OC3Init
                0x08003814      0x10c CMakeFiles/STM32_BLDC_Hall.elf.dir/FWlib/src/stm32f10x_tim.c.obj
                0x08003814                TIM_OC3Init
 .text.TIM_OC4Init
                0x08003920       0xd0 CMakeFiles/STM32_BLDC_Hall.elf.dir/FWlib/src/stm32f10x_tim.c.obj
                0x08003920                TIM_OC4Init
 .text.TIM_BDTRConfig
                0x080039f0       0x4e CMakeFiles/STM32_BLDC_Hall.elf.dir/FWlib/src/stm32f10x_tim.c.obj
                0x080039f0                TIM_BDTRConfig
 .text.TIM_Cmd  0x08003a3e       0x3e CMakeFiles/STM32_BLDC_Hall.elf.dir/FWlib/src/stm32f10x_tim.c.obj
                0x08003a3e                TIM_Cmd
 .text.TIM_CtrlPWMOutputs
                0x08003a7c       0x4a CMakeFiles/STM32_BLDC_Hall.elf.dir/FWlib/src/stm32f10x_tim.c.obj
                0x08003a7c                TIM_CtrlPWMOutputs
 .text.TIM_ITConfig
                0x08003ac6       0x46 CMakeFiles/STM32_BLDC_Hall.elf.dir/FWlib/src/stm32f10x_tim.c.obj
                0x08003ac6                TIM_ITConfig
 .text.TIM_ARRPreloadConfig
                0x08003b0c       0x3e CMakeFiles/STM32_BLDC_Hall.elf.dir/FWlib/src/stm32f10x_tim.c.obj
                0x08003b0c                TIM_ARRPreloadConfig
 .text.TIM_OC1PreloadConfig
                0x08003b4a       0x36 CMakeFiles/STM32_BLDC_Hall.elf.dir/FWlib/src/stm32f10x_tim.c.obj
                0x08003b4a                TIM_OC1PreloadConfig
 .text.TIM_OC2PreloadConfig
                0x08003b80       0x3a CMakeFiles/STM32_BLDC_Hall.elf.dir/FWlib/src/stm32f10x_tim.c.obj
                0x08003b80                TIM_OC2PreloadConfig
 .text.TIM_OC3PreloadConfig
                0x08003bba       0x36 CMakeFiles/STM32_BLDC_Hall.elf.dir/FWlib/src/stm32f10x_tim.c.obj
                0x08003bba                TIM_OC3PreloadConfig
 .text.TIM_OC4PreloadConfig
                0x08003bf0       0x3a CMakeFiles/STM32_BLDC_Hall.elf.dir/FWlib/src/stm32f10x_tim.c.obj
                0x08003bf0                TIM_OC4PreloadConfig
 .text.TIM_SetCompare3
                0x08003c2a       0x1c CMakeFiles/STM32_BLDC_Hall.elf.dir/FWlib/src/stm32f10x_tim.c.obj
                0x08003c2a                TIM_SetCompare3
 .text.TIM_SetCompare4
                0x08003c46       0x1e CMakeFiles/STM32_BLDC_Hall.elf.dir/FWlib/src/stm32f10x_tim.c.obj
                0x08003c46                TIM_SetCompare4
 .text.TIM_ClearFlag
                0x08003c64       0x20 CMakeFiles/STM32_BLDC_Hall.elf.dir/FWlib/src/stm32f10x_tim.c.obj
                0x08003c64                TIM_ClearFlag
 .text.TIM_GetITStatus
                0x08003c84       0x52 CMakeFiles/STM32_BLDC_Hall.elf.dir/FWlib/src/stm32f10x_tim.c.obj
                0x08003c84                TIM_GetITStatus
 .text.TIM_ClearITPendingBit
                0x08003cd6       0x20 CMakeFiles/STM32_BLDC_Hall.elf.dir/FWlib/src/stm32f10x_tim.c.obj
                0x08003cd6                TIM_ClearITPendingBit
 *fill*         0x08003cf6        0x2 
 .text.USART_Init
                0x08003cf8      0x174 CMakeFiles/STM32_BLDC_Hall.elf.dir/FWlib/src/stm32f10x_usart.c.obj
                0x08003cf8                USART_Init
 .text.USART_Cmd
                0x08003e6c       0x3e CMakeFiles/STM32_BLDC_Hall.elf.dir/FWlib/src/stm32f10x_usart.c.obj
                0x08003e6c                USART_Cmd
 .text.USART_ITConfig
                0x08003eaa       0x8e CMakeFiles/STM32_BLDC_Hall.elf.dir/FWlib/src/stm32f10x_usart.c.obj
                0x08003eaa                USART_ITConfig
 .text.USART_SendData
                0x08003f38       0x22 CMakeFiles/STM32_BLDC_Hall.elf.dir/FWlib/src/stm32f10x_usart.c.obj
                0x08003f38                USART_SendData
 .text.USART_ReceiveData
                0x08003f5a       0x1e CMakeFiles/STM32_BLDC_Hall.elf.dir/FWlib/src/stm32f10x_usart.c.obj
                0x08003f5a                USART_ReceiveData
 .text.USART_GetFlagStatus
                0x08003f78       0x36 CMakeFiles/STM32_BLDC_Hall.elf.dir/FWlib/src/stm32f10x_usart.c.obj
                0x08003f78                USART_GetFlagStatus
 .text.USART_GetITStatus
                0x08003fae       0xb4 CMakeFiles/STM32_BLDC_Hall.elf.dir/FWlib/src/stm32f10x_usart.c.obj
                0x08003fae                USART_GetITStatus
 *fill*         0x08004062        0x2 
 .text.main     0x08004064       0x94 CMakeFiles/STM32_BLDC_Hall.elf.dir/main.c.obj
                0x08004064                main
 .text.Reset_Handler
                0x080040f8       0x48 CMakeFiles/STM32_BLDC_Hall.elf.dir/startup/startup_stm32f103xb.s.obj
                0x080040f8                Reset_Handler
 .text.Default_Handler
                0x08004140        0x2 CMakeFiles/STM32_BLDC_Hall.elf.dir/startup/startup_stm32f103xb.s.obj
                0x08004140                RTC_Alarm_IRQHandler
                0x08004140                EXTI2_IRQHandler
                0x08004140                DebugMon_Handler
                0x08004140                TIM1_CC_IRQHandler
                0x08004140                HardFault_Handler
                0x08004140                SysTick_Handler
                0x08004140                PVD_IRQHandler
                0x08004140                PendSV_Handler
                0x08004140                NMI_Handler
                0x08004140                EXTI3_IRQHandler
                0x08004140                EXTI0_IRQHandler
                0x08004140                I2C2_EV_IRQHandler
                0x08004140                UsageFault_Handler
                0x08004140                ADC1_2_IRQHandler
                0x08004140                SPI1_IRQHandler
                0x08004140                TAMPER_IRQHandler
                0x08004140                DMA1_Channel4_IRQHandler
                0x08004140                RTC_IRQHandler
                0x08004140                DMA1_Channel7_IRQHandler
                0x08004140                CAN1_RX1_IRQHandler
                0x08004140                TIM4_IRQHandler
                0x08004140                I2C1_EV_IRQHandler
                0x08004140                DMA1_Channel6_IRQHandler
                0x08004140                TIM3_IRQHandler
                0x08004140                RCC_IRQHandler
                0x08004140                TIM1_TRG_COM_IRQHandler
                0x08004140                DMA1_Channel1_IRQHandler
                0x08004140                Default_Handler
                0x08004140                EXTI15_10_IRQHandler
                0x08004140                EXTI9_5_IRQHandler
                0x08004140                SPI2_IRQHandler
                0x08004140                MemManage_Handler
                0x08004140                SVC_Handler
                0x08004140                DMA1_Channel5_IRQHandler
                0x08004140                EXTI4_IRQHandler
                0x08004140                USB_LP_CAN1_RX0_IRQHandler
                0x08004140                USB_HP_CAN1_TX_IRQHandler
                0x08004140                DMA1_Channel3_IRQHandler
                0x08004140                WWDG_IRQHandler
                0x08004140                EXTI1_IRQHandler
                0x08004140                USART2_IRQHandler
                0x08004140                I2C2_ER_IRQHandler
                0x08004140                DMA1_Channel2_IRQHandler
                0x08004140                CAN1_SCE_IRQHandler
                0x08004140                FLASH_IRQHandler
                0x08004140                BusFault_Handler
                0x08004140                USART1_IRQHandler
                0x08004140                I2C1_ER_IRQHandler
                0x08004140                USBWakeUp_IRQHandler
 *fill*         0x08004142        0x2 
 .text.SystemInit
                0x08004144       0x68 CMakeFiles/STM32_BLDC_Hall.elf.dir/CMSIS/system_stm32f10x.c.obj
                0x08004144                SystemInit
 .text.SetSysClock
                0x080041ac        0xc CMakeFiles/STM32_BLDC_Hall.elf.dir/CMSIS/system_stm32f10x.c.obj
 .text.SetSysClockTo72
                0x080041b8      0x100 CMakeFiles/STM32_BLDC_Hall.elf.dir/CMSIS/system_stm32f10x.c.obj
 .text.__cvt    0x080042b8       0xc8 C:/PROGRA~2/Arm GNU Toolchain arm-none-eabi/13.3 rel1/bin/../lib/gcc/arm-none-eabi/13.3.1/thumb/v7-m/nofp\libg_nano.a(libc_a-nano-vfprintf_float.o)
                0x080042b8                __cvt
 .text.__exponent
                0x08004380       0x74 C:/PROGRA~2/Arm GNU Toolchain arm-none-eabi/13.3 rel1/bin/../lib/gcc/arm-none-eabi/13.3.1/thumb/v7-m/nofp\libg_nano.a(libc_a-nano-vfprintf_float.o)
                0x08004380                __exponent
 .text._printf_float
                0x080043f4      0x458 C:/PROGRA~2/Arm GNU Toolchain arm-none-eabi/13.3 rel1/bin/../lib/gcc/arm-none-eabi/13.3.1/thumb/v7-m/nofp\libg_nano.a(libc_a-nano-vfprintf_float.o)
                0x080043f4                _printf_float
 .text._printf_common
                0x0800484c       0xe4 C:/PROGRA~2/Arm GNU Toolchain arm-none-eabi/13.3 rel1/bin/../lib/gcc/arm-none-eabi/13.3.1/thumb/v7-m/nofp\libg_nano.a(libc_a-nano-vfprintf_i.o)
                0x0800484c                _printf_common
 .text._printf_i
                0x08004930      0x23c C:/PROGRA~2/Arm GNU Toolchain arm-none-eabi/13.3 rel1/bin/../lib/gcc/arm-none-eabi/13.3.1/thumb/v7-m/nofp\libg_nano.a(libc_a-nano-vfprintf_i.o)
                0x08004930                _printf_i
 .text.std      0x08004b6c       0x6c C:/PROGRA~2/Arm GNU Toolchain arm-none-eabi/13.3 rel1/bin/../lib/gcc/arm-none-eabi/13.3.1/thumb/v7-m/nofp\libg_nano.a(libc_a-findfp.o)
 .text.stdio_exit_handler
                0x08004bd8       0x18 C:/PROGRA~2/Arm GNU Toolchain arm-none-eabi/13.3 rel1/bin/../lib/gcc/arm-none-eabi/13.3.1/thumb/v7-m/nofp\libg_nano.a(libc_a-findfp.o)
 .text.cleanup_stdio
                0x08004bf0       0x40 C:/PROGRA~2/Arm GNU Toolchain arm-none-eabi/13.3 rel1/bin/../lib/gcc/arm-none-eabi/13.3.1/thumb/v7-m/nofp\libg_nano.a(libc_a-findfp.o)
 .text.global_stdio_init.part.0
                0x08004c30       0x3c C:/PROGRA~2/Arm GNU Toolchain arm-none-eabi/13.3 rel1/bin/../lib/gcc/arm-none-eabi/13.3.1/thumb/v7-m/nofp\libg_nano.a(libc_a-findfp.o)
 .text.__sfp_lock_acquire
                0x08004c6c        0xc C:/PROGRA~2/Arm GNU Toolchain arm-none-eabi/13.3 rel1/bin/../lib/gcc/arm-none-eabi/13.3.1/thumb/v7-m/nofp\libg_nano.a(libc_a-findfp.o)
                0x08004c6c                __sfp_lock_acquire
 .text.__sfp_lock_release
                0x08004c78        0xc C:/PROGRA~2/Arm GNU Toolchain arm-none-eabi/13.3 rel1/bin/../lib/gcc/arm-none-eabi/13.3.1/thumb/v7-m/nofp\libg_nano.a(libc_a-findfp.o)
                0x08004c78                __sfp_lock_release
 .text.__sinit  0x08004c84       0x30 C:/PROGRA~2/Arm GNU Toolchain arm-none-eabi/13.3 rel1/bin/../lib/gcc/arm-none-eabi/13.3.1/thumb/v7-m/nofp\libg_nano.a(libc_a-findfp.o)
                0x08004c84                __sinit
 .text._fwalk_sglue
                0x08004cb4       0x3c C:/PROGRA~2/Arm GNU Toolchain arm-none-eabi/13.3 rel1/bin/../lib/gcc/arm-none-eabi/13.3.1/thumb/v7-m/nofp\libg_nano.a(libc_a-fwalk.o)
                0x08004cb4                _fwalk_sglue
 .text.setvbuf  0x08004cf0      0x168 C:/PROGRA~2/Arm GNU Toolchain arm-none-eabi/13.3 rel1/bin/../lib/gcc/arm-none-eabi/13.3.1/thumb/v7-m/nofp\libg_nano.a(libc_a-setvbuf.o)
                0x08004cf0                setvbuf
 .text.__sread  0x08004e58       0x22 C:/PROGRA~2/Arm GNU Toolchain arm-none-eabi/13.3 rel1/bin/../lib/gcc/arm-none-eabi/13.3.1/thumb/v7-m/nofp\libg_nano.a(libc_a-stdio.o)
                0x08004e58                __sread
 .text.__swrite
                0x08004e7a       0x38 C:/PROGRA~2/Arm GNU Toolchain arm-none-eabi/13.3 rel1/bin/../lib/gcc/arm-none-eabi/13.3.1/thumb/v7-m/nofp\libg_nano.a(libc_a-stdio.o)
                0x08004e7a                __swrite
 .text.__sseek  0x08004eb2       0x24 C:/PROGRA~2/Arm GNU Toolchain arm-none-eabi/13.3 rel1/bin/../lib/gcc/arm-none-eabi/13.3.1/thumb/v7-m/nofp\libg_nano.a(libc_a-stdio.o)
                0x08004eb2                __sseek
 .text.__sclose
                0x08004ed6        0x8 C:/PROGRA~2/Arm GNU Toolchain arm-none-eabi/13.3 rel1/bin/../lib/gcc/arm-none-eabi/13.3.1/thumb/v7-m/nofp\libg_nano.a(libc_a-stdio.o)
                0x08004ed6                __sclose
 .text.__swbuf_r
                0x08004ede       0x7c C:/PROGRA~2/Arm GNU Toolchain arm-none-eabi/13.3 rel1/bin/../lib/gcc/arm-none-eabi/13.3.1/thumb/v7-m/nofp\libg_nano.a(libc_a-wbuf.o)
                0x08004ede                __swbuf_r
 *fill*         0x08004f5a        0x2 
 .text.__swsetup_r
                0x08004f5c       0xac C:/PROGRA~2/Arm GNU Toolchain arm-none-eabi/13.3 rel1/bin/../lib/gcc/arm-none-eabi/13.3.1/thumb/v7-m/nofp\libg_nano.a(libc_a-wsetup.o)
                0x08004f5c                __swsetup_r
 .text.memset   0x08005008       0x10 C:/PROGRA~2/Arm GNU Toolchain arm-none-eabi/13.3 rel1/bin/../lib/gcc/arm-none-eabi/13.3.1/thumb/v7-m/nofp\libg_nano.a(libc_a-memset.o)
                0x08005008                memset
 .text._localeconv_r
                0x08005018        0x8 C:/PROGRA~2/Arm GNU Toolchain arm-none-eabi/13.3 rel1/bin/../lib/gcc/arm-none-eabi/13.3.1/thumb/v7-m/nofp\libg_nano.a(libc_a-localeconv.o)
                0x08005018                _localeconv_r
 .text._close_r
                0x08005020       0x20 C:/PROGRA~2/Arm GNU Toolchain arm-none-eabi/13.3 rel1/bin/../lib/gcc/arm-none-eabi/13.3.1/thumb/v7-m/nofp\libg_nano.a(libc_a-closer.o)
                0x08005020                _close_r
 .text._lseek_r
                0x08005040       0x24 C:/PROGRA~2/Arm GNU Toolchain arm-none-eabi/13.3 rel1/bin/../lib/gcc/arm-none-eabi/13.3.1/thumb/v7-m/nofp\libg_nano.a(libc_a-lseekr.o)
                0x08005040                _lseek_r
 .text._read_r  0x08005064       0x24 C:/PROGRA~2/Arm GNU Toolchain arm-none-eabi/13.3 rel1/bin/../lib/gcc/arm-none-eabi/13.3.1/thumb/v7-m/nofp\libg_nano.a(libc_a-readr.o)
                0x08005064                _read_r
 .text._write_r
                0x08005088       0x24 C:/PROGRA~2/Arm GNU Toolchain arm-none-eabi/13.3 rel1/bin/../lib/gcc/arm-none-eabi/13.3.1/thumb/v7-m/nofp\libg_nano.a(libc_a-writer.o)
                0x08005088                _write_r
 .text.__libc_init_array
                0x080050ac       0x48 C:/PROGRA~2/Arm GNU Toolchain arm-none-eabi/13.3 rel1/bin/../lib/gcc/arm-none-eabi/13.3.1/thumb/v7-m/nofp\libg_nano.a(libc_a-init.o)
                0x080050ac                __libc_init_array
 .text.__retarget_lock_init_recursive
                0x080050f4        0x2 C:/PROGRA~2/Arm GNU Toolchain arm-none-eabi/13.3 rel1/bin/../lib/gcc/arm-none-eabi/13.3.1/thumb/v7-m/nofp\libg_nano.a(libc_a-lock.o)
                0x080050f4                __retarget_lock_init_recursive
 .text.__retarget_lock_acquire_recursive
                0x080050f6        0x2 C:/PROGRA~2/Arm GNU Toolchain arm-none-eabi/13.3 rel1/bin/../lib/gcc/arm-none-eabi/13.3.1/thumb/v7-m/nofp\libg_nano.a(libc_a-lock.o)
                0x080050f6                __retarget_lock_acquire_recursive
 .text.__retarget_lock_release_recursive
                0x080050f8        0x2 C:/PROGRA~2/Arm GNU Toolchain arm-none-eabi/13.3 rel1/bin/../lib/gcc/arm-none-eabi/13.3.1/thumb/v7-m/nofp\libg_nano.a(libc_a-lock.o)
                0x080050f8                __retarget_lock_release_recursive
 .text.memchr   0x080050fa       0x1c C:/PROGRA~2/Arm GNU Toolchain arm-none-eabi/13.3 rel1/bin/../lib/gcc/arm-none-eabi/13.3.1/thumb/v7-m/nofp\libg_nano.a(libc_a-memchr-stub.o)
                0x080050fa                memchr
 .text.quorem   0x08005116      0x110 C:/PROGRA~2/Arm GNU Toolchain arm-none-eabi/13.3 rel1/bin/../lib/gcc/arm-none-eabi/13.3.1/thumb/v7-m/nofp\libg_nano.a(libc_a-dtoa.o)
 *fill*         0x08005226        0x2 
 .text._dtoa_r  0x08005228      0xb7c C:/PROGRA~2/Arm GNU Toolchain arm-none-eabi/13.3 rel1/bin/../lib/gcc/arm-none-eabi/13.3.1/thumb/v7-m/nofp\libg_nano.a(libc_a-dtoa.o)
                0x08005228                _dtoa_r
 .text._free_r  0x08005da4       0x90 C:/PROGRA~2/Arm GNU Toolchain arm-none-eabi/13.3 rel1/bin/../lib/gcc/arm-none-eabi/13.3.1/thumb/v7-m/nofp\libg_nano.a(libc_a-freer.o)
                0x08005da4                _free_r
 .text.malloc   0x08005e34       0x10 C:/PROGRA~2/Arm GNU Toolchain arm-none-eabi/13.3 rel1/bin/../lib/gcc/arm-none-eabi/13.3.1/thumb/v7-m/nofp\libg_nano.a(libc_a-malloc.o)
                0x08005e34                malloc
 .text.sbrk_aligned
                0x08005e44       0x44 C:/PROGRA~2/Arm GNU Toolchain arm-none-eabi/13.3 rel1/bin/../lib/gcc/arm-none-eabi/13.3.1/thumb/v7-m/nofp\libg_nano.a(libc_a-mallocr.o)
 .text._malloc_r
                0x08005e88      0x100 C:/PROGRA~2/Arm GNU Toolchain arm-none-eabi/13.3 rel1/bin/../lib/gcc/arm-none-eabi/13.3.1/thumb/v7-m/nofp\libg_nano.a(libc_a-mallocr.o)
                0x08005e88                _malloc_r
 .text.__malloc_lock
                0x08005f88        0xc C:/PROGRA~2/Arm GNU Toolchain arm-none-eabi/13.3 rel1/bin/../lib/gcc/arm-none-eabi/13.3.1/thumb/v7-m/nofp\libg_nano.a(libc_a-mlock.o)
                0x08005f88                __malloc_lock
 .text.__malloc_unlock
                0x08005f94        0xc C:/PROGRA~2/Arm GNU Toolchain arm-none-eabi/13.3 rel1/bin/../lib/gcc/arm-none-eabi/13.3.1/thumb/v7-m/nofp\libg_nano.a(libc_a-mlock.o)
                0x08005f94                __malloc_unlock
 .text._Balloc  0x08005fa0       0x80 C:/PROGRA~2/Arm GNU Toolchain arm-none-eabi/13.3 rel1/bin/../lib/gcc/arm-none-eabi/13.3.1/thumb/v7-m/nofp\libg_nano.a(libc_a-mprec.o)
                0x08005fa0                _Balloc
 .text._Bfree   0x08006020       0x44 C:/PROGRA~2/Arm GNU Toolchain arm-none-eabi/13.3 rel1/bin/../lib/gcc/arm-none-eabi/13.3.1/thumb/v7-m/nofp\libg_nano.a(libc_a-mprec.o)
                0x08006020                _Bfree
 .text.__multadd
                0x08006064       0x8c C:/PROGRA~2/Arm GNU Toolchain arm-none-eabi/13.3 rel1/bin/../lib/gcc/arm-none-eabi/13.3.1/thumb/v7-m/nofp\libg_nano.a(libc_a-mprec.o)
                0x08006064                __multadd
 .text.__hi0bits
                0x080060f0       0x3e C:/PROGRA~2/Arm GNU Toolchain arm-none-eabi/13.3 rel1/bin/../lib/gcc/arm-none-eabi/13.3.1/thumb/v7-m/nofp\libg_nano.a(libc_a-mprec.o)
                0x080060f0                __hi0bits
 .text.__lo0bits
                0x0800612e       0x5a C:/PROGRA~2/Arm GNU Toolchain arm-none-eabi/13.3 rel1/bin/../lib/gcc/arm-none-eabi/13.3.1/thumb/v7-m/nofp\libg_nano.a(libc_a-mprec.o)
                0x0800612e                __lo0bits
 .text.__i2b    0x08006188       0x2c C:/PROGRA~2/Arm GNU Toolchain arm-none-eabi/13.3 rel1/bin/../lib/gcc/arm-none-eabi/13.3.1/thumb/v7-m/nofp\libg_nano.a(libc_a-mprec.o)
                0x08006188                __i2b
 .text.__multiply
                0x080061b4      0x144 C:/PROGRA~2/Arm GNU Toolchain arm-none-eabi/13.3 rel1/bin/../lib/gcc/arm-none-eabi/13.3.1/thumb/v7-m/nofp\libg_nano.a(libc_a-mprec.o)
                0x080061b4                __multiply
 .text.__pow5mult
                0x080062f8       0xb4 C:/PROGRA~2/Arm GNU Toolchain arm-none-eabi/13.3 rel1/bin/../lib/gcc/arm-none-eabi/13.3.1/thumb/v7-m/nofp\libg_nano.a(libc_a-mprec.o)
                0x080062f8                __pow5mult
 .text.__lshift
                0x080063ac       0xd8 C:/PROGRA~2/Arm GNU Toolchain arm-none-eabi/13.3 rel1/bin/../lib/gcc/arm-none-eabi/13.3.1/thumb/v7-m/nofp\libg_nano.a(libc_a-mprec.o)
                0x080063ac                __lshift
 .text.__mcmp   0x08006484       0x36 C:/PROGRA~2/Arm GNU Toolchain arm-none-eabi/13.3 rel1/bin/../lib/gcc/arm-none-eabi/13.3.1/thumb/v7-m/nofp\libg_nano.a(libc_a-mprec.o)
                0x08006484                __mcmp
 *fill*         0x080064ba        0x2 
 .text.__mdiff  0x080064bc      0x128 C:/PROGRA~2/Arm GNU Toolchain arm-none-eabi/13.3 rel1/bin/../lib/gcc/arm-none-eabi/13.3.1/thumb/v7-m/nofp\libg_nano.a(libc_a-mprec.o)
                0x080064bc                __mdiff
 .text.__d2b    0x080065e4       0xb0 C:/PROGRA~2/Arm GNU Toolchain arm-none-eabi/13.3 rel1/bin/../lib/gcc/arm-none-eabi/13.3.1/thumb/v7-m/nofp\libg_nano.a(libc_a-mprec.o)
                0x080065e4                __d2b
 .text.__sfputc_r
                0x08006694       0x2a C:/PROGRA~2/Arm GNU Toolchain arm-none-eabi/13.3 rel1/bin/../lib/gcc/arm-none-eabi/13.3.1/thumb/v7-m/nofp\libg_nano.a(libc_a-nano-vfprintf.o)
 .text.__sfputs_r
                0x080066be       0x24 C:/PROGRA~2/Arm GNU Toolchain arm-none-eabi/13.3 rel1/bin/../lib/gcc/arm-none-eabi/13.3.1/thumb/v7-m/nofp\libg_nano.a(libc_a-nano-vfprintf.o)
                0x080066be                __sfputs_r
 *fill*         0x080066e2        0x2 
 .text._vfprintf_r
                0x080066e4      0x230 C:/PROGRA~2/Arm GNU Toolchain arm-none-eabi/13.3 rel1/bin/../lib/gcc/arm-none-eabi/13.3.1/thumb/v7-m/nofp\libg_nano.a(libc_a-nano-vfprintf.o)
                0x080066e4                _vfprintf_r
                0x080066e4                _vfiprintf_r
 .text.__sflush_r
                0x08006914      0x100 C:/PROGRA~2/Arm GNU Toolchain arm-none-eabi/13.3 rel1/bin/../lib/gcc/arm-none-eabi/13.3.1/thumb/v7-m/nofp\libg_nano.a(libc_a-fflush.o)
                0x08006914                __sflush_r
 .text._fflush_r
                0x08006a14       0x50 C:/PROGRA~2/Arm GNU Toolchain arm-none-eabi/13.3 rel1/bin/../lib/gcc/arm-none-eabi/13.3.1/thumb/v7-m/nofp\libg_nano.a(libc_a-fflush.o)
                0x08006a14                _fflush_r
 .text.__swhatbuf_r
                0x08006a64       0x4a C:/PROGRA~2/Arm GNU Toolchain arm-none-eabi/13.3 rel1/bin/../lib/gcc/arm-none-eabi/13.3.1/thumb/v7-m/nofp\libg_nano.a(libc_a-makebuf.o)
                0x08006a64                __swhatbuf_r
 .text.__smakebuf_r
                0x08006aae       0x78 C:/PROGRA~2/Arm GNU Toolchain arm-none-eabi/13.3 rel1/bin/../lib/gcc/arm-none-eabi/13.3.1/thumb/v7-m/nofp\libg_nano.a(libc_a-makebuf.o)
                0x08006aae                __smakebuf_r
 *fill*         0x08006b26        0x2 
 .text._fstat_r
                0x08006b28       0x24 C:/PROGRA~2/Arm GNU Toolchain arm-none-eabi/13.3 rel1/bin/../lib/gcc/arm-none-eabi/13.3.1/thumb/v7-m/nofp\libg_nano.a(libc_a-fstatr.o)
                0x08006b28                _fstat_r
 .text._isatty_r
                0x08006b4c       0x20 C:/PROGRA~2/Arm GNU Toolchain arm-none-eabi/13.3 rel1/bin/../lib/gcc/arm-none-eabi/13.3.1/thumb/v7-m/nofp\libg_nano.a(libc_a-isattyr.o)
                0x08006b4c                _isatty_r
 .text._sbrk_r  0x08006b6c       0x20 C:/PROGRA~2/Arm GNU Toolchain arm-none-eabi/13.3 rel1/bin/../lib/gcc/arm-none-eabi/13.3.1/thumb/v7-m/nofp\libg_nano.a(libc_a-sbrkr.o)
                0x08006b6c                _sbrk_r
 .text.memcpy   0x08006b8c       0x1c C:/PROGRA~2/Arm GNU Toolchain arm-none-eabi/13.3 rel1/bin/../lib/gcc/arm-none-eabi/13.3.1/thumb/v7-m/nofp\libg_nano.a(libc_a-memcpy-stub.o)
                0x08006b8c                memcpy
 .text.__assert_func
                0x08006ba8       0x3c C:/PROGRA~2/Arm GNU Toolchain arm-none-eabi/13.3 rel1/bin/../lib/gcc/arm-none-eabi/13.3.1/thumb/v7-m/nofp\libg_nano.a(libc_a-assert.o)
                0x08006ba8                __assert_func
 .text._calloc_r
                0x08006be4       0x28 C:/PROGRA~2/Arm GNU Toolchain arm-none-eabi/13.3 rel1/bin/../lib/gcc/arm-none-eabi/13.3.1/thumb/v7-m/nofp\libg_nano.a(libc_a-callocr.o)
                0x08006be4                _calloc_r
 .text.__ascii_mbtowc
                0x08006c0c       0x24 C:/PROGRA~2/Arm GNU Toolchain arm-none-eabi/13.3 rel1/bin/../lib/gcc/arm-none-eabi/13.3.1/thumb/v7-m/nofp\libg_nano.a(libc_a-mbtowc_r.o)
                0x08006c0c                __ascii_mbtowc
 .text.__ascii_wctomb
                0x08006c30       0x1a C:/PROGRA~2/Arm GNU Toolchain arm-none-eabi/13.3 rel1/bin/../lib/gcc/arm-none-eabi/13.3.1/thumb/v7-m/nofp\libg_nano.a(libc_a-wctomb_r.o)
                0x08006c30                __ascii_wctomb
 *fill*         0x08006c4a        0x2 
 .text.fprintf  0x08006c4c       0x24 C:/PROGRA~2/Arm GNU Toolchain arm-none-eabi/13.3 rel1/bin/../lib/gcc/arm-none-eabi/13.3.1/thumb/v7-m/nofp\libg_nano.a(libc_a-fprintf.o)
                0x08006c4c                fiprintf
                0x08006c4c                fprintf
 .text.abort    0x08006c70        0xe C:/PROGRA~2/Arm GNU Toolchain arm-none-eabi/13.3 rel1/bin/../lib/gcc/arm-none-eabi/13.3.1/thumb/v7-m/nofp\libg_nano.a(libc_a-abort.o)
                0x08006c70                abort
 .text._raise_r
                0x08006c7e       0x50 C:/PROGRA~2/Arm GNU Toolchain arm-none-eabi/13.3 rel1/bin/../lib/gcc/arm-none-eabi/13.3.1/thumb/v7-m/nofp\libg_nano.a(libc_a-signal.o)
                0x08006c7e                _raise_r
 *fill*         0x08006cce        0x2 
 .text.raise    0x08006cd0       0x10 C:/PROGRA~2/Arm GNU Toolchain arm-none-eabi/13.3 rel1/bin/../lib/gcc/arm-none-eabi/13.3.1/thumb/v7-m/nofp\libg_nano.a(libc_a-signal.o)
                0x08006cd0                raise
 .text._kill_r  0x08006ce0       0x24 C:/PROGRA~2/Arm GNU Toolchain arm-none-eabi/13.3 rel1/bin/../lib/gcc/arm-none-eabi/13.3.1/thumb/v7-m/nofp\libg_nano.a(libc_a-signalr.o)
                0x08006ce0                _kill_r
 .text._getpid_r
                0x08006d04        0x4 C:/PROGRA~2/Arm GNU Toolchain arm-none-eabi/13.3 rel1/bin/../lib/gcc/arm-none-eabi/13.3.1/thumb/v7-m/nofp\libg_nano.a(libc_a-signalr.o)
                0x08006d04                _getpid_r
 .text._fstat   0x08006d08       0x10 C:/PROGRA~2/Arm GNU Toolchain arm-none-eabi/13.3 rel1/bin/../lib/gcc/arm-none-eabi/13.3.1/thumb/v7-m/nofp\libnosys.a(fstat.o)
                0x08006d08                _fstat
 .text._getpid  0x08006d18       0x10 C:/PROGRA~2/Arm GNU Toolchain arm-none-eabi/13.3 rel1/bin/../lib/gcc/arm-none-eabi/13.3.1/thumb/v7-m/nofp\libnosys.a(getpid.o)
                0x08006d18                _getpid
 .text._kill    0x08006d28       0x10 C:/PROGRA~2/Arm GNU Toolchain arm-none-eabi/13.3 rel1/bin/../lib/gcc/arm-none-eabi/13.3.1/thumb/v7-m/nofp\libnosys.a(kill.o)
                0x08006d28                _kill
 .text._sbrk    0x08006d38       0x1c C:/PROGRA~2/Arm GNU Toolchain arm-none-eabi/13.3 rel1/bin/../lib/gcc/arm-none-eabi/13.3.1/thumb/v7-m/nofp\libnosys.a(sbrk.o)
                0x08006d38                _sbrk
 .text._exit    0x08006d54        0x4 C:/PROGRA~2/Arm GNU Toolchain arm-none-eabi/13.3 rel1/bin/../lib/gcc/arm-none-eabi/13.3.1/thumb/v7-m/nofp\libnosys.a(_exit.o)
                0x08006d54                _exit
 *(.glue_7)
 .glue_7        0x08006d58        0x0 linker stubs
 *(.glue_7t)
 .glue_7t       0x08006d58        0x0 linker stubs
 *(.eh_frame)
 .eh_frame      0x08006d58        0x0 C:/PROGRA~2/Arm GNU Toolchain arm-none-eabi/13.3 rel1/bin/../lib/gcc/arm-none-eabi/13.3.1/thumb/v7-m/nofp/crtbegin.o
 *(.init)
 .init          0x08006d58        0x4 C:/PROGRA~2/Arm GNU Toolchain arm-none-eabi/13.3 rel1/bin/../lib/gcc/arm-none-eabi/13.3.1/thumb/v7-m/nofp/crti.o
                0x08006d58                _init
 .init          0x08006d5c        0x8 C:/PROGRA~2/Arm GNU Toolchain arm-none-eabi/13.3 rel1/bin/../lib/gcc/arm-none-eabi/13.3.1/thumb/v7-m/nofp/crtn.o
 *(.fini)
 .fini          0x08006d64        0x4 C:/PROGRA~2/Arm GNU Toolchain arm-none-eabi/13.3 rel1/bin/../lib/gcc/arm-none-eabi/13.3.1/thumb/v7-m/nofp/crti.o
                0x08006d64                _fini
 .fini          0x08006d68        0x8 C:/PROGRA~2/Arm GNU Toolchain arm-none-eabi/13.3 rel1/bin/../lib/gcc/arm-none-eabi/13.3.1/thumb/v7-m/nofp/crtn.o
                0x08006d70                        . = ALIGN (0x4)
                0x08006d70                        _etext = .

.vfp11_veneer   0x08006d70        0x0
 .vfp11_veneer  0x08006d70        0x0 linker stubs

.v4_bx          0x08006d70        0x0
 .v4_bx         0x08006d70        0x0 linker stubs

.iplt           0x08006d70        0x0
 .iplt          0x08006d70        0x0 C:/PROGRA~2/Arm GNU Toolchain arm-none-eabi/13.3 rel1/bin/../lib/gcc/arm-none-eabi/13.3.1/thumb/v7-m/nofp/crtbegin.o

.rodata         0x08006d70      0x58c
                0x08006d70                        . = ALIGN (0x4)
 *(.rodata)
 *(.rodata*)
 .rodata.IQSin_Cos_Table
                0x08006d70      0x200 CMakeFiles/STM32_BLDC_Hall.elf.dir/User_program/IQ_math.c.obj
                0x08006d70                IQSin_Cos_Table
 .rodata.APBAHBPrescTable
                0x08006f70       0x10 CMakeFiles/STM32_BLDC_Hall.elf.dir/FWlib/src/stm32f10x_rcc.c.obj
 .rodata.ADCPrescTable
                0x08006f80        0x4 CMakeFiles/STM32_BLDC_Hall.elf.dir/FWlib/src/stm32f10x_rcc.c.obj
 .rodata._printf_float.str1.1
                0x08006f84      0x173 C:/PROGRA~2/Arm GNU Toolchain arm-none-eabi/13.3 rel1/bin/../lib/gcc/arm-none-eabi/13.3.1/thumb/v7-m/nofp\libg_nano.a(libc_a-nano-vfprintf_float.o)
                                 0x12 (size before relaxing)
 .rodata._printf_i.str1.1
                0x080070f7       0x22 C:/PROGRA~2/Arm GNU Toolchain arm-none-eabi/13.3 rel1/bin/../lib/gcc/arm-none-eabi/13.3.1/thumb/v7-m/nofp\libg_nano.a(libc_a-nano-vfprintf_i.o)
 .rodata._dtoa_r.str1.1
                0x080070f7       0x90 C:/PROGRA~2/Arm GNU Toolchain arm-none-eabi/13.3 rel1/bin/../lib/gcc/arm-none-eabi/13.3.1/thumb/v7-m/nofp\libg_nano.a(libc_a-dtoa.o)
 .rodata._Balloc.str1.1
                0x080070f7       0x71 C:/PROGRA~2/Arm GNU Toolchain arm-none-eabi/13.3 rel1/bin/../lib/gcc/arm-none-eabi/13.3.1/thumb/v7-m/nofp\libg_nano.a(libc_a-mprec.o)
 .rodata.__multadd.str1.1
                0x080070f7       0x11 C:/PROGRA~2/Arm GNU Toolchain arm-none-eabi/13.3 rel1/bin/../lib/gcc/arm-none-eabi/13.3.1/thumb/v7-m/nofp\libg_nano.a(libc_a-mprec.o)
 *fill*         0x080070f7        0x1 
 .rodata.p05.0  0x080070f8        0xc C:/PROGRA~2/Arm GNU Toolchain arm-none-eabi/13.3 rel1/bin/../lib/gcc/arm-none-eabi/13.3.1/thumb/v7-m/nofp\libg_nano.a(libc_a-mprec.o)
 *fill*         0x08007104        0x4 
 .rodata.__mprec_bigtens
                0x08007108       0x28 C:/PROGRA~2/Arm GNU Toolchain arm-none-eabi/13.3 rel1/bin/../lib/gcc/arm-none-eabi/13.3.1/thumb/v7-m/nofp\libg_nano.a(libc_a-mprec.o)
                0x08007108                __mprec_bigtens
 .rodata.__mprec_tens
                0x08007130       0xc8 C:/PROGRA~2/Arm GNU Toolchain arm-none-eabi/13.3 rel1/bin/../lib/gcc/arm-none-eabi/13.3.1/thumb/v7-m/nofp\libg_nano.a(libc_a-mprec.o)
                0x08007130                __mprec_tens
 .rodata._vfprintf_r.str1.1
                0x080071f8       0x11 C:/PROGRA~2/Arm GNU Toolchain arm-none-eabi/13.3 rel1/bin/../lib/gcc/arm-none-eabi/13.3.1/thumb/v7-m/nofp\libg_nano.a(libc_a-nano-vfprintf.o)
 .rodata._setlocale_r.str1.1
                0x080071f8        0x9 C:/PROGRA~2/Arm GNU Toolchain arm-none-eabi/13.3 rel1/bin/../lib/gcc/arm-none-eabi/13.3.1/thumb/v7-m/nofp\libg_nano.a(libc_a-locale.o)
 .rodata.str1.1
                0x080071f8        0x2 C:/PROGRA~2/Arm GNU Toolchain arm-none-eabi/13.3 rel1/bin/../lib/gcc/arm-none-eabi/13.3.1/thumb/v7-m/nofp\libg_nano.a(libc_a-locale.o)
 .rodata.__assert_func.str1.1
                0x080071f8       0x3d C:/PROGRA~2/Arm GNU Toolchain arm-none-eabi/13.3 rel1/bin/../lib/gcc/arm-none-eabi/13.3.1/thumb/v7-m/nofp\libg_nano.a(libc_a-assert.o)
 .rodata._ctype_
                0x080071f8      0x101 C:/PROGRA~2/Arm GNU Toolchain arm-none-eabi/13.3 rel1/bin/../lib/gcc/arm-none-eabi/13.3.1/thumb/v7-m/nofp\libg_nano.a(libc_a-ctype_.o)
                0x080071f8                _ctype_
                0x080072fc                        . = ALIGN (0x4)
 *fill*         0x080072f9        0x3 

.ARM.extab
 *(.ARM.extab* .gnu.linkonce.armextab.*)

.ARM            0x080072fc        0x8
                0x080072fc                        __exidx_start = .
 *(.ARM.exidx*)
 .ARM.exidx     0x080072fc        0x8 C:/PROGRA~2/Arm GNU Toolchain arm-none-eabi/13.3 rel1/bin/../lib/gcc/arm-none-eabi/13.3.1/thumb/v7-m/nofp\libg_nano.a(libc_a-strlen.o)
                0x08007304                        __exidx_end = .

.rel.dyn        0x08007304        0x0
 .rel.iplt      0x08007304        0x0 C:/PROGRA~2/Arm GNU Toolchain arm-none-eabi/13.3 rel1/bin/../lib/gcc/arm-none-eabi/13.3.1/thumb/v7-m/nofp/crtbegin.o

.preinit_array  0x08007304        0x0
                0x08007304                        PROVIDE (__preinit_array_start = .)
 *(.preinit_array*)
                0x08007304                        PROVIDE (__preinit_array_end = .)

.init_array     0x08007304        0x4
                0x08007304                        PROVIDE (__init_array_start = .)
 *(SORT_BY_NAME(.init_array.*))
 *(.init_array*)
 .init_array    0x08007304        0x4 C:/PROGRA~2/Arm GNU Toolchain arm-none-eabi/13.3 rel1/bin/../lib/gcc/arm-none-eabi/13.3.1/thumb/v7-m/nofp/crtbegin.o
                0x08007308                        PROVIDE (__init_array_end = .)

.fini_array     0x08007308        0x4
                [!provide]                        PROVIDE (__fini_array_start = .)
 *(SORT_BY_NAME(.fini_array.*))
 *(.fini_array*)
 .fini_array    0x08007308        0x4 C:/PROGRA~2/Arm GNU Toolchain arm-none-eabi/13.3 rel1/bin/../lib/gcc/arm-none-eabi/13.3.1/thumb/v7-m/nofp/crtbegin.o
                [!provide]                        PROVIDE (__fini_array_end = .)
                0x0800730c                        _sidata = LOADADDR (.data)

.data           0x20000000      0x300 load address 0x0800730c
                0x20000000                        . = ALIGN (0x4)
                0x20000000                        _sdata = .
 *(.data)
 *(.data*)
 .data.BUS_CurrProtection
                0x20000000        0x2 CMakeFiles/STM32_BLDC_Hall.elf.dir/User_program/ADC_int.c.obj
                0x20000000                BUS_CurrProtection
 .data.HallK1   0x20000002        0x2 CMakeFiles/STM32_BLDC_Hall.elf.dir/User_program/ThreeHall.c.obj
                0x20000002                HallK1
 .data.HallK2   0x20000004        0x2 CMakeFiles/STM32_BLDC_Hall.elf.dir/User_program/ThreeHall.c.obj
                0x20000004                HallK2
 .data.degree30IQ15
                0x20000006        0x2 CMakeFiles/STM32_BLDC_Hall.elf.dir/User_program/ThreeHall.c.obj
                0x20000006                degree30IQ15
 .data.init_angle
                0x20000008        0x4 CMakeFiles/STM32_BLDC_Hall.elf.dir/User_program/ThreeHall.c.obj
                0x20000008                init_angle
 .data.FilK1    0x2000000c        0x2 CMakeFiles/STM32_BLDC_Hall.elf.dir/User_program/Tim1_ISR_MCLoop.c.obj
                0x2000000c                FilK1
 .data.FilK2    0x2000000e        0x2 CMakeFiles/STM32_BLDC_Hall.elf.dir/User_program/Tim1_ISR_MCLoop.c.obj
                0x2000000e                FilK2
 .data.pi_spd   0x20000010       0x30 CMakeFiles/STM32_BLDC_Hall.elf.dir/main.c.obj
                0x20000010                pi_spd
 .data.pi_id    0x20000040       0x30 CMakeFiles/STM32_BLDC_Hall.elf.dir/main.c.obj
                0x20000040                pi_id
 .data.pi_iq    0x20000070       0x30 CMakeFiles/STM32_BLDC_Hall.elf.dir/main.c.obj
                0x20000070                pi_iq
 .data.ADCSampPare
                0x200000a0       0x2c CMakeFiles/STM32_BLDC_Hall.elf.dir/main.c.obj
                0x200000a0                ADCSampPare
 .data.Hall_Three
                0x200000cc       0x68 CMakeFiles/STM32_BLDC_Hall.elf.dir/main.c.obj
                0x200000cc                Hall_Three
 .data.SystemCoreClock
                0x20000134        0x4 CMakeFiles/STM32_BLDC_Hall.elf.dir/CMSIS/system_stm32f10x.c.obj
                0x20000134                SystemCoreClock
 .data.__sglue  0x20000138        0xc C:/PROGRA~2/Arm GNU Toolchain arm-none-eabi/13.3 rel1/bin/../lib/gcc/arm-none-eabi/13.3.1/thumb/v7-m/nofp\libg_nano.a(libc_a-findfp.o)
                0x20000138                __sglue
 .data._impure_ptr
                0x20000144        0x4 C:/PROGRA~2/Arm GNU Toolchain arm-none-eabi/13.3 rel1/bin/../lib/gcc/arm-none-eabi/13.3.1/thumb/v7-m/nofp\libg_nano.a(libc_a-impure.o)
                0x20000144                _impure_ptr
 .data._impure_data
                0x20000148       0x4c C:/PROGRA~2/Arm GNU Toolchain arm-none-eabi/13.3 rel1/bin/../lib/gcc/arm-none-eabi/13.3.1/thumb/v7-m/nofp\libg_nano.a(libc_a-impure.o)
                0x20000148                _impure_data
 .data.__global_locale
                0x20000194      0x16c C:/PROGRA~2/Arm GNU Toolchain arm-none-eabi/13.3 rel1/bin/../lib/gcc/arm-none-eabi/13.3.1/thumb/v7-m/nofp\libg_nano.a(libc_a-locale.o)
                0x20000194                __global_locale
                0x20000300                        . = ALIGN (0x4)
                0x20000300                        _edata = .

.tm_clone_table
                0x20000300        0x0 load address 0x0800760c
 .tm_clone_table
                0x20000300        0x0 C:/PROGRA~2/Arm GNU Toolchain arm-none-eabi/13.3 rel1/bin/../lib/gcc/arm-none-eabi/13.3.1/thumb/v7-m/nofp/crtbegin.o
 .tm_clone_table
                0x20000300        0x0 C:/PROGRA~2/Arm GNU Toolchain arm-none-eabi/13.3 rel1/bin/../lib/gcc/arm-none-eabi/13.3.1/thumb/v7-m/nofp/crtend.o

.igot.plt       0x20000300        0x0 load address 0x0800760c
 .igot.plt      0x20000300        0x0 C:/PROGRA~2/Arm GNU Toolchain arm-none-eabi/13.3 rel1/bin/../lib/gcc/arm-none-eabi/13.3.1/thumb/v7-m/nofp/crtbegin.o
                0x20000300                        . = ALIGN (0x4)

.bss            0x20000300      0x450 load address 0x0800760c
                0x20000300                        _sbss = .
                0x20000300                        __bss_start__ = _sbss
 *(.bss)
 *(.bss*)
 .bss.completed.1
                0x20000300        0x1 C:/PROGRA~2/Arm GNU Toolchain arm-none-eabi/13.3 rel1/bin/../lib/gcc/arm-none-eabi/13.3.1/thumb/v7-m/nofp/crtbegin.o
 *fill*         0x20000301        0x3 
 .bss.object.0  0x20000304       0x18 C:/PROGRA~2/Arm GNU Toolchain arm-none-eabi/13.3 rel1/bin/../lib/gcc/arm-none-eabi/13.3.1/thumb/v7-m/nofp/crtbegin.o
 .bss.ADC_ConvertedValue
                0x2000031c        0xa CMakeFiles/STM32_BLDC_Hall.elf.dir/User_program/ADC_int.c.obj
                0x2000031c                ADC_ConvertedValue
 .bss.i.3       0x20000326        0x1 CMakeFiles/STM32_BLDC_Hall.elf.dir/User_program/ADC_int.c.obj
 *fill*         0x20000327        0x1 
 .bss.ADC_PhaseU_Curr.2
                0x20000328       0x80 CMakeFiles/STM32_BLDC_Hall.elf.dir/User_program/ADC_int.c.obj
 .bss.ADC_PhaseV_Curr.1
                0x200003a8       0x80 CMakeFiles/STM32_BLDC_Hall.elf.dir/User_program/ADC_int.c.obj
 .bss.ADC_BUS_Curr.0
                0x20000428       0x80 CMakeFiles/STM32_BLDC_Hall.elf.dir/User_program/ADC_int.c.obj
 .bss.PWM_DUTY  0x200004a8        0x6 CMakeFiles/STM32_BLDC_Hall.elf.dir/User_program/Tim1_PWM.c.obj
                0x200004a8                PWM_DUTY
 *fill*         0x200004ae        0x2 
 .bss.G_uart    0x200004b0        0x4 CMakeFiles/STM32_BLDC_Hall.elf.dir/User_program/printf_uart.c.obj
                0x200004b0                G_uart
 .bss.TestPare  0x200004b4       0x28 CMakeFiles/STM32_BLDC_Hall.elf.dir/main.c.obj
                0x200004b4                TestPare
 .bss.TaskTimePare
                0x200004dc       0x18 CMakeFiles/STM32_BLDC_Hall.elf.dir/main.c.obj
                0x200004dc                TaskTimePare
 .bss.logicContr
                0x200004f4        0xa CMakeFiles/STM32_BLDC_Hall.elf.dir/main.c.obj
                0x200004f4                logicContr
 *fill*         0x200004fe        0x2 
 .bss.ClarkeI   0x20000500       0x14 CMakeFiles/STM32_BLDC_Hall.elf.dir/main.c.obj
                0x20000500                ClarkeI
 .bss.ParkI     0x20000514       0x1c CMakeFiles/STM32_BLDC_Hall.elf.dir/main.c.obj
                0x20000514                ParkI
 .bss.IparkU    0x20000530       0x1c CMakeFiles/STM32_BLDC_Hall.elf.dir/main.c.obj
                0x20000530                IparkU
 .bss.Svpwmdq   0x2000054c       0x24 CMakeFiles/STM32_BLDC_Hall.elf.dir/main.c.obj
                0x2000054c                Svpwmdq
 .bss.AngleSin_Cos
                0x20000570        0xc CMakeFiles/STM32_BLDC_Hall.elf.dir/main.c.obj
                0x20000570                AngleSin_Cos
 .bss.uart_rx_buffer
                0x2000057c       0x80 CMakeFiles/STM32_BLDC_Hall.elf.dir/main.c.obj
                0x2000057c                uart_rx_buffer
 .bss.uart_rx_write_ptr
                0x200005fc        0x2 CMakeFiles/STM32_BLDC_Hall.elf.dir/main.c.obj
                0x200005fc                uart_rx_write_ptr
 .bss.uart_rx_line_complete
                0x200005fe        0x1 CMakeFiles/STM32_BLDC_Hall.elf.dir/main.c.obj
                0x200005fe                uart_rx_line_complete
 *fill*         0x200005ff        0x1 
 .bss.__sf      0x20000600      0x138 C:/PROGRA~2/Arm GNU Toolchain arm-none-eabi/13.3 rel1/bin/../lib/gcc/arm-none-eabi/13.3.1/thumb/v7-m/nofp\libg_nano.a(libc_a-findfp.o)
                0x20000600                __sf
 .bss.__stdio_exit_handler
                0x20000738        0x4 C:/PROGRA~2/Arm GNU Toolchain arm-none-eabi/13.3 rel1/bin/../lib/gcc/arm-none-eabi/13.3.1/thumb/v7-m/nofp\libg_nano.a(libc_a-findfp.o)
                0x20000738                __stdio_exit_handler
 .bss.errno     0x2000073c        0x4 C:/PROGRA~2/Arm GNU Toolchain arm-none-eabi/13.3 rel1/bin/../lib/gcc/arm-none-eabi/13.3.1/thumb/v7-m/nofp\libg_nano.a(libc_a-reent.o)
                0x2000073c                errno
 .bss.__lock___malloc_recursive_mutex
                0x20000740        0x1 C:/PROGRA~2/Arm GNU Toolchain arm-none-eabi/13.3 rel1/bin/../lib/gcc/arm-none-eabi/13.3.1/thumb/v7-m/nofp\libg_nano.a(libc_a-lock.o)
                0x20000740                __lock___malloc_recursive_mutex
 .bss.__lock___sfp_recursive_mutex
                0x20000741        0x1 C:/PROGRA~2/Arm GNU Toolchain arm-none-eabi/13.3 rel1/bin/../lib/gcc/arm-none-eabi/13.3.1/thumb/v7-m/nofp\libg_nano.a(libc_a-lock.o)
                0x20000741                __lock___sfp_recursive_mutex
 *fill*         0x20000742        0x2 
 .bss.__malloc_sbrk_start
                0x20000744        0x4 C:/PROGRA~2/Arm GNU Toolchain arm-none-eabi/13.3 rel1/bin/../lib/gcc/arm-none-eabi/13.3.1/thumb/v7-m/nofp\libg_nano.a(libc_a-mallocr.o)
                0x20000744                __malloc_sbrk_start
 .bss.__malloc_free_list
                0x20000748        0x4 C:/PROGRA~2/Arm GNU Toolchain arm-none-eabi/13.3 rel1/bin/../lib/gcc/arm-none-eabi/13.3.1/thumb/v7-m/nofp\libg_nano.a(libc_a-mallocr.o)
                0x20000748                __malloc_free_list
 .bss.heap_end.0
                0x2000074c        0x4 C:/PROGRA~2/Arm GNU Toolchain arm-none-eabi/13.3 rel1/bin/../lib/gcc/arm-none-eabi/13.3.1/thumb/v7-m/nofp\libnosys.a(sbrk.o)
 *(COMMON)
                0x20000750                        . = ALIGN (0x4)
                0x20000750                        _ebss = .
                0x20000750                        __bss_end__ = _ebss

._user_heap_stack
                0x20000750      0x600 load address 0x0800760c
                0x20000750                        . = ALIGN (0x8)
                0x20000750                        PROVIDE (end = .)
                [!provide]                        PROVIDE (_end = .)
                0x20000950                        . = (. + _Min_Heap_Size)
 *fill*         0x20000750      0x200 
                0x20000d50                        . = (. + _Min_Stack_Size)
 *fill*         0x20000950      0x400 
                0x20000d50                        . = ALIGN (0x8)

/DISCARD/
 libc.a(*)
 libm.a(*)
 libgcc.a(*)

.ARM.attributes
                0x00000000       0x29
 *(.ARM.attributes)
 .ARM.attributes
                0x00000000       0x1d C:/PROGRA~2/Arm GNU Toolchain arm-none-eabi/13.3 rel1/bin/../lib/gcc/arm-none-eabi/13.3.1/thumb/v7-m/nofp/crti.o
 .ARM.attributes
                0x0000001d       0x2d C:/PROGRA~2/Arm GNU Toolchain arm-none-eabi/13.3 rel1/bin/../lib/gcc/arm-none-eabi/13.3.1/thumb/v7-m/nofp/crtbegin.o
 .ARM.attributes
                0x0000004a       0x2d CMakeFiles/STM32_BLDC_Hall.elf.dir/User_program/ADC_int.c.obj
 .ARM.attributes
                0x00000077       0x2d CMakeFiles/STM32_BLDC_Hall.elf.dir/User_program/Axis_transform.c.obj
 .ARM.attributes
                0x000000a4       0x2d CMakeFiles/STM32_BLDC_Hall.elf.dir/User_program/GPIO_int.c.obj
 .ARM.attributes
                0x000000d1       0x2d CMakeFiles/STM32_BLDC_Hall.elf.dir/User_program/IQ_math.c.obj
 .ARM.attributes
                0x000000fe       0x2d CMakeFiles/STM32_BLDC_Hall.elf.dir/User_program/PI_Cale.c.obj
 .ARM.attributes
                0x0000012b       0x2d CMakeFiles/STM32_BLDC_Hall.elf.dir/User_program/Svpwm_dq.c.obj
 .ARM.attributes
                0x00000158       0x2d CMakeFiles/STM32_BLDC_Hall.elf.dir/User_program/Task_function.c.obj
 .ARM.attributes
                0x00000185       0x2d CMakeFiles/STM32_BLDC_Hall.elf.dir/User_program/ThreeHall.c.obj
 .ARM.attributes
                0x000001b2       0x2d CMakeFiles/STM32_BLDC_Hall.elf.dir/User_program/Tim1_ISR_MCLoop.c.obj
 .ARM.attributes
                0x000001df       0x2d CMakeFiles/STM32_BLDC_Hall.elf.dir/User_program/Tim1_PWM.c.obj
 .ARM.attributes
                0x0000020c       0x2d CMakeFiles/STM32_BLDC_Hall.elf.dir/User_program/Tim4_Encoder_PWMDAC.c.obj
 .ARM.attributes
                0x00000239       0x2d CMakeFiles/STM32_BLDC_Hall.elf.dir/User_program/Timer.c.obj
 .ARM.attributes
                0x00000266       0x2d CMakeFiles/STM32_BLDC_Hall.elf.dir/User_program/printf_uart.c.obj
 .ARM.attributes
                0x00000293       0x2d CMakeFiles/STM32_BLDC_Hall.elf.dir/FWlib/src/misc.c.obj
 .ARM.attributes
                0x000002c0       0x2d CMakeFiles/STM32_BLDC_Hall.elf.dir/FWlib/src/stm32f10x_adc.c.obj
 .ARM.attributes
                0x000002ed       0x2d CMakeFiles/STM32_BLDC_Hall.elf.dir/FWlib/src/stm32f10x_dma.c.obj
 .ARM.attributes
                0x0000031a       0x2d CMakeFiles/STM32_BLDC_Hall.elf.dir/FWlib/src/stm32f10x_gpio.c.obj
 .ARM.attributes
                0x00000347       0x2d CMakeFiles/STM32_BLDC_Hall.elf.dir/FWlib/src/stm32f10x_it.c.obj
 .ARM.attributes
                0x00000374       0x2d CMakeFiles/STM32_BLDC_Hall.elf.dir/FWlib/src/stm32f10x_rcc.c.obj
 .ARM.attributes
                0x000003a1       0x2d CMakeFiles/STM32_BLDC_Hall.elf.dir/FWlib/src/stm32f10x_tim.c.obj
 .ARM.attributes
                0x000003ce       0x2d CMakeFiles/STM32_BLDC_Hall.elf.dir/FWlib/src/stm32f10x_usart.c.obj
 .ARM.attributes
                0x000003fb       0x2d CMakeFiles/STM32_BLDC_Hall.elf.dir/main.c.obj
 .ARM.attributes
                0x00000428       0x21 CMakeFiles/STM32_BLDC_Hall.elf.dir/startup/startup_stm32f103xb.s.obj
 .ARM.attributes
                0x00000449       0x2d CMakeFiles/STM32_BLDC_Hall.elf.dir/CMSIS/system_stm32f10x.c.obj
 .ARM.attributes
                0x00000476       0x1d C:/PROGRA~2/Arm GNU Toolchain arm-none-eabi/13.3 rel1/bin/../lib/gcc/arm-none-eabi/13.3.1/thumb/v7-m/nofp\libgcc.a(_arm_addsubdf3.o)
 .ARM.attributes
                0x00000493       0x1d C:/PROGRA~2/Arm GNU Toolchain arm-none-eabi/13.3 rel1/bin/../lib/gcc/arm-none-eabi/13.3.1/thumb/v7-m/nofp\libgcc.a(_arm_muldivdf3.o)
 .ARM.attributes
                0x000004b0       0x1d C:/PROGRA~2/Arm GNU Toolchain arm-none-eabi/13.3 rel1/bin/../lib/gcc/arm-none-eabi/13.3.1/thumb/v7-m/nofp\libgcc.a(_arm_fixdfsi.o)
 .ARM.attributes
                0x000004cd       0x2d C:/PROGRA~2/Arm GNU Toolchain arm-none-eabi/13.3 rel1/bin/../lib/gcc/arm-none-eabi/13.3.1/thumb/v7-m/nofp\libg_nano.a(libc_a-nano-vfprintf_float.o)
 .ARM.attributes
                0x000004fa       0x2d C:/PROGRA~2/Arm GNU Toolchain arm-none-eabi/13.3 rel1/bin/../lib/gcc/arm-none-eabi/13.3.1/thumb/v7-m/nofp\libg_nano.a(libc_a-nano-vfprintf_i.o)
 .ARM.attributes
                0x00000527       0x2d C:/PROGRA~2/Arm GNU Toolchain arm-none-eabi/13.3 rel1/bin/../lib/gcc/arm-none-eabi/13.3.1/thumb/v7-m/nofp\libg_nano.a(libc_a-findfp.o)
 .ARM.attributes
                0x00000554       0x2d C:/PROGRA~2/Arm GNU Toolchain arm-none-eabi/13.3 rel1/bin/../lib/gcc/arm-none-eabi/13.3.1/thumb/v7-m/nofp\libg_nano.a(libc_a-fwalk.o)
 .ARM.attributes
                0x00000581       0x2d C:/PROGRA~2/Arm GNU Toolchain arm-none-eabi/13.3 rel1/bin/../lib/gcc/arm-none-eabi/13.3.1/thumb/v7-m/nofp\libg_nano.a(libc_a-setvbuf.o)
 .ARM.attributes
                0x000005ae       0x2d C:/PROGRA~2/Arm GNU Toolchain arm-none-eabi/13.3 rel1/bin/../lib/gcc/arm-none-eabi/13.3.1/thumb/v7-m/nofp\libg_nano.a(libc_a-stdio.o)
 .ARM.attributes
                0x000005db       0x2d C:/PROGRA~2/Arm GNU Toolchain arm-none-eabi/13.3 rel1/bin/../lib/gcc/arm-none-eabi/13.3.1/thumb/v7-m/nofp\libg_nano.a(libc_a-wbuf.o)
 .ARM.attributes
                0x00000608       0x2d C:/PROGRA~2/Arm GNU Toolchain arm-none-eabi/13.3 rel1/bin/../lib/gcc/arm-none-eabi/13.3.1/thumb/v7-m/nofp\libg_nano.a(libc_a-wsetup.o)
 .ARM.attributes
                0x00000635       0x2d C:/PROGRA~2/Arm GNU Toolchain arm-none-eabi/13.3 rel1/bin/../lib/gcc/arm-none-eabi/13.3.1/thumb/v7-m/nofp\libg_nano.a(libc_a-memset.o)
 .ARM.attributes
                0x00000662       0x2d C:/PROGRA~2/Arm GNU Toolchain arm-none-eabi/13.3 rel1/bin/../lib/gcc/arm-none-eabi/13.3.1/thumb/v7-m/nofp\libg_nano.a(libc_a-localeconv.o)
 .ARM.attributes
                0x0000068f       0x2d C:/PROGRA~2/Arm GNU Toolchain arm-none-eabi/13.3 rel1/bin/../lib/gcc/arm-none-eabi/13.3.1/thumb/v7-m/nofp\libg_nano.a(libc_a-closer.o)
 .ARM.attributes
                0x000006bc       0x2d C:/PROGRA~2/Arm GNU Toolchain arm-none-eabi/13.3 rel1/bin/../lib/gcc/arm-none-eabi/13.3.1/thumb/v7-m/nofp\libg_nano.a(libc_a-reent.o)
 .ARM.attributes
                0x000006e9       0x2d C:/PROGRA~2/Arm GNU Toolchain arm-none-eabi/13.3 rel1/bin/../lib/gcc/arm-none-eabi/13.3.1/thumb/v7-m/nofp\libg_nano.a(libc_a-impure.o)
 .ARM.attributes
                0x00000716       0x2d C:/PROGRA~2/Arm GNU Toolchain arm-none-eabi/13.3 rel1/bin/../lib/gcc/arm-none-eabi/13.3.1/thumb/v7-m/nofp\libg_nano.a(libc_a-lseekr.o)
 .ARM.attributes
                0x00000743       0x2d C:/PROGRA~2/Arm GNU Toolchain arm-none-eabi/13.3 rel1/bin/../lib/gcc/arm-none-eabi/13.3.1/thumb/v7-m/nofp\libg_nano.a(libc_a-readr.o)
 .ARM.attributes
                0x00000770       0x2d C:/PROGRA~2/Arm GNU Toolchain arm-none-eabi/13.3 rel1/bin/../lib/gcc/arm-none-eabi/13.3.1/thumb/v7-m/nofp\libg_nano.a(libc_a-writer.o)
 .ARM.attributes
                0x0000079d       0x2d C:/PROGRA~2/Arm GNU Toolchain arm-none-eabi/13.3 rel1/bin/../lib/gcc/arm-none-eabi/13.3.1/thumb/v7-m/nofp\libg_nano.a(libc_a-init.o)
 .ARM.attributes
                0x000007ca       0x2d C:/PROGRA~2/Arm GNU Toolchain arm-none-eabi/13.3 rel1/bin/../lib/gcc/arm-none-eabi/13.3.1/thumb/v7-m/nofp\libg_nano.a(libc_a-lock.o)
 .ARM.attributes
                0x000007f7       0x2d C:/PROGRA~2/Arm GNU Toolchain arm-none-eabi/13.3 rel1/bin/../lib/gcc/arm-none-eabi/13.3.1/thumb/v7-m/nofp\libg_nano.a(libc_a-memchr-stub.o)
 .ARM.attributes
                0x00000824       0x17 C:/PROGRA~2/Arm GNU Toolchain arm-none-eabi/13.3 rel1/bin/../lib/gcc/arm-none-eabi/13.3.1/thumb/v7-m/nofp\libg_nano.a(libc_a-strlen.o)
 .ARM.attributes
                0x0000083b       0x2d C:/PROGRA~2/Arm GNU Toolchain arm-none-eabi/13.3 rel1/bin/../lib/gcc/arm-none-eabi/13.3.1/thumb/v7-m/nofp\libg_nano.a(libc_a-dtoa.o)
 .ARM.attributes
                0x00000868       0x2d C:/PROGRA~2/Arm GNU Toolchain arm-none-eabi/13.3 rel1/bin/../lib/gcc/arm-none-eabi/13.3.1/thumb/v7-m/nofp\libg_nano.a(libc_a-freer.o)
 .ARM.attributes
                0x00000895       0x2d C:/PROGRA~2/Arm GNU Toolchain arm-none-eabi/13.3 rel1/bin/../lib/gcc/arm-none-eabi/13.3.1/thumb/v7-m/nofp\libg_nano.a(libc_a-malloc.o)
 .ARM.attributes
                0x000008c2       0x2d C:/PROGRA~2/Arm GNU Toolchain arm-none-eabi/13.3 rel1/bin/../lib/gcc/arm-none-eabi/13.3.1/thumb/v7-m/nofp\libg_nano.a(libc_a-mallocr.o)
 .ARM.attributes
                0x000008ef       0x2d C:/PROGRA~2/Arm GNU Toolchain arm-none-eabi/13.3 rel1/bin/../lib/gcc/arm-none-eabi/13.3.1/thumb/v7-m/nofp\libg_nano.a(libc_a-mlock.o)
 .ARM.attributes
                0x0000091c       0x2d C:/PROGRA~2/Arm GNU Toolchain arm-none-eabi/13.3 rel1/bin/../lib/gcc/arm-none-eabi/13.3.1/thumb/v7-m/nofp\libg_nano.a(libc_a-mprec.o)
 .ARM.attributes
                0x00000949       0x2d C:/PROGRA~2/Arm GNU Toolchain arm-none-eabi/13.3 rel1/bin/../lib/gcc/arm-none-eabi/13.3.1/thumb/v7-m/nofp\libg_nano.a(libc_a-nano-vfprintf.o)
 .ARM.attributes
                0x00000976       0x2d C:/PROGRA~2/Arm GNU Toolchain arm-none-eabi/13.3 rel1/bin/../lib/gcc/arm-none-eabi/13.3.1/thumb/v7-m/nofp\libg_nano.a(libc_a-fflush.o)
 .ARM.attributes
                0x000009a3       0x2d C:/PROGRA~2/Arm GNU Toolchain arm-none-eabi/13.3 rel1/bin/../lib/gcc/arm-none-eabi/13.3.1/thumb/v7-m/nofp\libg_nano.a(libc_a-makebuf.o)
 .ARM.attributes
                0x000009d0       0x2d C:/PROGRA~2/Arm GNU Toolchain arm-none-eabi/13.3 rel1/bin/../lib/gcc/arm-none-eabi/13.3.1/thumb/v7-m/nofp\libg_nano.a(libc_a-locale.o)
 .ARM.attributes
                0x000009fd       0x2d C:/PROGRA~2/Arm GNU Toolchain arm-none-eabi/13.3 rel1/bin/../lib/gcc/arm-none-eabi/13.3.1/thumb/v7-m/nofp\libg_nano.a(libc_a-fstatr.o)
 .ARM.attributes
                0x00000a2a       0x2d C:/PROGRA~2/Arm GNU Toolchain arm-none-eabi/13.3 rel1/bin/../lib/gcc/arm-none-eabi/13.3.1/thumb/v7-m/nofp\libg_nano.a(libc_a-isattyr.o)
 .ARM.attributes
                0x00000a57       0x2d C:/PROGRA~2/Arm GNU Toolchain arm-none-eabi/13.3 rel1/bin/../lib/gcc/arm-none-eabi/13.3.1/thumb/v7-m/nofp\libg_nano.a(libc_a-sbrkr.o)
 .ARM.attributes
                0x00000a84       0x2d C:/PROGRA~2/Arm GNU Toolchain arm-none-eabi/13.3 rel1/bin/../lib/gcc/arm-none-eabi/13.3.1/thumb/v7-m/nofp\libg_nano.a(libc_a-memcpy-stub.o)
 .ARM.attributes
                0x00000ab1       0x2d C:/PROGRA~2/Arm GNU Toolchain arm-none-eabi/13.3 rel1/bin/../lib/gcc/arm-none-eabi/13.3.1/thumb/v7-m/nofp\libg_nano.a(libc_a-assert.o)
 .ARM.attributes
                0x00000ade       0x2d C:/PROGRA~2/Arm GNU Toolchain arm-none-eabi/13.3 rel1/bin/../lib/gcc/arm-none-eabi/13.3.1/thumb/v7-m/nofp\libg_nano.a(libc_a-callocr.o)
 .ARM.attributes
                0x00000b0b       0x2d C:/PROGRA~2/Arm GNU Toolchain arm-none-eabi/13.3 rel1/bin/../lib/gcc/arm-none-eabi/13.3.1/thumb/v7-m/nofp\libg_nano.a(libc_a-mbtowc_r.o)
 .ARM.attributes
                0x00000b38       0x2d C:/PROGRA~2/Arm GNU Toolchain arm-none-eabi/13.3 rel1/bin/../lib/gcc/arm-none-eabi/13.3.1/thumb/v7-m/nofp\libg_nano.a(libc_a-wctomb_r.o)
 .ARM.attributes
                0x00000b65       0x2d C:/PROGRA~2/Arm GNU Toolchain arm-none-eabi/13.3 rel1/bin/../lib/gcc/arm-none-eabi/13.3.1/thumb/v7-m/nofp\libg_nano.a(libc_a-ctype_.o)
 .ARM.attributes
                0x00000b92       0x2d C:/PROGRA~2/Arm GNU Toolchain arm-none-eabi/13.3 rel1/bin/../lib/gcc/arm-none-eabi/13.3.1/thumb/v7-m/nofp\libg_nano.a(libc_a-fprintf.o)
 .ARM.attributes
                0x00000bbf       0x2d C:/PROGRA~2/Arm GNU Toolchain arm-none-eabi/13.3 rel1/bin/../lib/gcc/arm-none-eabi/13.3.1/thumb/v7-m/nofp\libg_nano.a(libc_a-abort.o)
 .ARM.attributes
                0x00000bec       0x2d C:/PROGRA~2/Arm GNU Toolchain arm-none-eabi/13.3 rel1/bin/../lib/gcc/arm-none-eabi/13.3.1/thumb/v7-m/nofp\libg_nano.a(libc_a-signal.o)
 .ARM.attributes
                0x00000c19       0x2d C:/PROGRA~2/Arm GNU Toolchain arm-none-eabi/13.3 rel1/bin/../lib/gcc/arm-none-eabi/13.3.1/thumb/v7-m/nofp\libg_nano.a(libc_a-signalr.o)
 .ARM.attributes
                0x00000c46       0x1d C:/PROGRA~2/Arm GNU Toolchain arm-none-eabi/13.3 rel1/bin/../lib/gcc/arm-none-eabi/13.3.1/thumb/v7-m/nofp\libgcc.a(_arm_cmpdf2.o)
 .ARM.attributes
                0x00000c63       0x1d C:/PROGRA~2/Arm GNU Toolchain arm-none-eabi/13.3 rel1/bin/../lib/gcc/arm-none-eabi/13.3.1/thumb/v7-m/nofp\libgcc.a(_arm_unorddf2.o)
 .ARM.attributes
                0x00000c80       0x2d C:/PROGRA~2/Arm GNU Toolchain arm-none-eabi/13.3 rel1/bin/../lib/gcc/arm-none-eabi/13.3.1/thumb/v7-m/nofp\libnosys.a(fstat.o)
 .ARM.attributes
                0x00000cad       0x2d C:/PROGRA~2/Arm GNU Toolchain arm-none-eabi/13.3 rel1/bin/../lib/gcc/arm-none-eabi/13.3.1/thumb/v7-m/nofp\libnosys.a(getpid.o)
 .ARM.attributes
                0x00000cda       0x2d C:/PROGRA~2/Arm GNU Toolchain arm-none-eabi/13.3 rel1/bin/../lib/gcc/arm-none-eabi/13.3.1/thumb/v7-m/nofp\libnosys.a(kill.o)
 .ARM.attributes
                0x00000d07       0x2d C:/PROGRA~2/Arm GNU Toolchain arm-none-eabi/13.3 rel1/bin/../lib/gcc/arm-none-eabi/13.3.1/thumb/v7-m/nofp\libnosys.a(sbrk.o)
 .ARM.attributes
                0x00000d34       0x2d C:/PROGRA~2/Arm GNU Toolchain arm-none-eabi/13.3 rel1/bin/../lib/gcc/arm-none-eabi/13.3.1/thumb/v7-m/nofp\libnosys.a(_exit.o)
 .ARM.attributes
                0x00000d61       0x2d C:/PROGRA~2/Arm GNU Toolchain arm-none-eabi/13.3 rel1/bin/../lib/gcc/arm-none-eabi/13.3.1/thumb/v7-m/nofp/crtend.o
 .ARM.attributes
                0x00000d8e       0x1d C:/PROGRA~2/Arm GNU Toolchain arm-none-eabi/13.3 rel1/bin/../lib/gcc/arm-none-eabi/13.3.1/thumb/v7-m/nofp/crtn.o
OUTPUT(STM32_BLDC_Hall.elf elf32-littlearm)
LOAD linker stubs
LOAD C:/PROGRA~2/Arm GNU Toolchain arm-none-eabi/13.3 rel1/bin/../lib/gcc/arm-none-eabi/13.3.1/thumb/v7-m/nofp\libc.a
LOAD C:/PROGRA~2/Arm GNU Toolchain arm-none-eabi/13.3 rel1/bin/../lib/gcc/arm-none-eabi/13.3.1/thumb/v7-m/nofp\libm.a
LOAD C:/PROGRA~2/Arm GNU Toolchain arm-none-eabi/13.3 rel1/bin/../lib/gcc/arm-none-eabi/13.3.1/thumb/v7-m/nofp\libgcc.a

.debug_info     0x00000000     0xac76
 .debug_info    0x00000000      0x780 CMakeFiles/STM32_BLDC_Hall.elf.dir/User_program/ADC_int.c.obj
 .debug_info    0x00000780      0x211 CMakeFiles/STM32_BLDC_Hall.elf.dir/User_program/Axis_transform.c.obj
 .debug_info    0x00000991      0x391 CMakeFiles/STM32_BLDC_Hall.elf.dir/User_program/GPIO_int.c.obj
 .debug_info    0x00000d22      0x2dc CMakeFiles/STM32_BLDC_Hall.elf.dir/User_program/IQ_math.c.obj
 .debug_info    0x00000ffe      0x1a5 CMakeFiles/STM32_BLDC_Hall.elf.dir/User_program/PI_Cale.c.obj
 .debug_info    0x000011a3      0x140 CMakeFiles/STM32_BLDC_Hall.elf.dir/User_program/Svpwm_dq.c.obj
 .debug_info    0x000012e3      0x34f CMakeFiles/STM32_BLDC_Hall.elf.dir/User_program/Task_function.c.obj
 .debug_info    0x00001632      0x34b CMakeFiles/STM32_BLDC_Hall.elf.dir/User_program/ThreeHall.c.obj
 .debug_info    0x0000197d      0xcaa CMakeFiles/STM32_BLDC_Hall.elf.dir/User_program/Tim1_ISR_MCLoop.c.obj
 .debug_info    0x00002627      0x8c3 CMakeFiles/STM32_BLDC_Hall.elf.dir/User_program/Tim1_PWM.c.obj
 .debug_info    0x00002eea      0x517 CMakeFiles/STM32_BLDC_Hall.elf.dir/User_program/Tim4_Encoder_PWMDAC.c.obj
 .debug_info    0x00003401      0xae2 CMakeFiles/STM32_BLDC_Hall.elf.dir/User_program/Timer.c.obj
 .debug_info    0x00003ee3      0xf73 CMakeFiles/STM32_BLDC_Hall.elf.dir/User_program/printf_uart.c.obj
 .debug_info    0x00004e56      0x4e3 CMakeFiles/STM32_BLDC_Hall.elf.dir/FWlib/src/misc.c.obj
 .debug_info    0x00005339      0xb3e CMakeFiles/STM32_BLDC_Hall.elf.dir/FWlib/src/stm32f10x_adc.c.obj
 .debug_info    0x00005e77      0x432 CMakeFiles/STM32_BLDC_Hall.elf.dir/FWlib/src/stm32f10x_dma.c.obj
 .debug_info    0x000062a9      0x6cc CMakeFiles/STM32_BLDC_Hall.elf.dir/FWlib/src/stm32f10x_gpio.c.obj
 .debug_info    0x00006975      0x2f0 CMakeFiles/STM32_BLDC_Hall.elf.dir/FWlib/src/stm32f10x_it.c.obj
 .debug_info    0x00006c65      0x854 CMakeFiles/STM32_BLDC_Hall.elf.dir/FWlib/src/stm32f10x_rcc.c.obj
 .debug_info    0x000074b9     0x1bfd CMakeFiles/STM32_BLDC_Hall.elf.dir/FWlib/src/stm32f10x_tim.c.obj
 .debug_info    0x000090b6      0x9ed CMakeFiles/STM32_BLDC_Hall.elf.dir/FWlib/src/stm32f10x_usart.c.obj
 .debug_info    0x00009aa3      0xd72 CMakeFiles/STM32_BLDC_Hall.elf.dir/main.c.obj
 .debug_info    0x0000a815       0x30 CMakeFiles/STM32_BLDC_Hall.elf.dir/startup/startup_stm32f103xb.s.obj
 .debug_info    0x0000a845      0x431 CMakeFiles/STM32_BLDC_Hall.elf.dir/CMSIS/system_stm32f10x.c.obj

.debug_abbrev   0x00000000     0x24f0
 .debug_abbrev  0x00000000      0x21d CMakeFiles/STM32_BLDC_Hall.elf.dir/User_program/ADC_int.c.obj
 .debug_abbrev  0x0000021d       0xc0 CMakeFiles/STM32_BLDC_Hall.elf.dir/User_program/Axis_transform.c.obj
 .debug_abbrev  0x000002dd      0x194 CMakeFiles/STM32_BLDC_Hall.elf.dir/User_program/GPIO_int.c.obj
 .debug_abbrev  0x00000471      0x140 CMakeFiles/STM32_BLDC_Hall.elf.dir/User_program/IQ_math.c.obj
 .debug_abbrev  0x000005b1       0xec CMakeFiles/STM32_BLDC_Hall.elf.dir/User_program/PI_Cale.c.obj
 .debug_abbrev  0x0000069d       0xa0 CMakeFiles/STM32_BLDC_Hall.elf.dir/User_program/Svpwm_dq.c.obj
 .debug_abbrev  0x0000073d       0xad CMakeFiles/STM32_BLDC_Hall.elf.dir/User_program/Task_function.c.obj
 .debug_abbrev  0x000007ea      0x161 CMakeFiles/STM32_BLDC_Hall.elf.dir/User_program/ThreeHall.c.obj
 .debug_abbrev  0x0000094b      0x182 CMakeFiles/STM32_BLDC_Hall.elf.dir/User_program/Tim1_ISR_MCLoop.c.obj
 .debug_abbrev  0x00000acd      0x1bf CMakeFiles/STM32_BLDC_Hall.elf.dir/User_program/Tim1_PWM.c.obj
 .debug_abbrev  0x00000c8c      0x129 CMakeFiles/STM32_BLDC_Hall.elf.dir/User_program/Tim4_Encoder_PWMDAC.c.obj
 .debug_abbrev  0x00000db5      0x26e CMakeFiles/STM32_BLDC_Hall.elf.dir/User_program/Timer.c.obj
 .debug_abbrev  0x00001023      0x35b CMakeFiles/STM32_BLDC_Hall.elf.dir/User_program/printf_uart.c.obj
 .debug_abbrev  0x0000137e      0x18a CMakeFiles/STM32_BLDC_Hall.elf.dir/FWlib/src/misc.c.obj
 .debug_abbrev  0x00001508      0x1da CMakeFiles/STM32_BLDC_Hall.elf.dir/FWlib/src/stm32f10x_adc.c.obj
 .debug_abbrev  0x000016e2      0x195 CMakeFiles/STM32_BLDC_Hall.elf.dir/FWlib/src/stm32f10x_dma.c.obj
 .debug_abbrev  0x00001877      0x235 CMakeFiles/STM32_BLDC_Hall.elf.dir/FWlib/src/stm32f10x_gpio.c.obj
 .debug_abbrev  0x00001aac       0xd4 CMakeFiles/STM32_BLDC_Hall.elf.dir/FWlib/src/stm32f10x_it.c.obj
 .debug_abbrev  0x00001b80      0x1e1 CMakeFiles/STM32_BLDC_Hall.elf.dir/FWlib/src/stm32f10x_rcc.c.obj
 .debug_abbrev  0x00001d61      0x1fb CMakeFiles/STM32_BLDC_Hall.elf.dir/FWlib/src/stm32f10x_tim.c.obj
 .debug_abbrev  0x00001f5c      0x1bd CMakeFiles/STM32_BLDC_Hall.elf.dir/FWlib/src/stm32f10x_usart.c.obj
 .debug_abbrev  0x00002119      0x1fe CMakeFiles/STM32_BLDC_Hall.elf.dir/main.c.obj
 .debug_abbrev  0x00002317       0x24 CMakeFiles/STM32_BLDC_Hall.elf.dir/startup/startup_stm32f103xb.s.obj
 .debug_abbrev  0x0000233b      0x1b5 CMakeFiles/STM32_BLDC_Hall.elf.dir/CMSIS/system_stm32f10x.c.obj

.debug_aranges  0x00000000      0xb10
 .debug_aranges
                0x00000000       0x40 CMakeFiles/STM32_BLDC_Hall.elf.dir/User_program/ADC_int.c.obj
 .debug_aranges
                0x00000040       0x30 CMakeFiles/STM32_BLDC_Hall.elf.dir/User_program/Axis_transform.c.obj
 .debug_aranges
                0x00000070       0x60 CMakeFiles/STM32_BLDC_Hall.elf.dir/User_program/GPIO_int.c.obj
 .debug_aranges
                0x000000d0       0x38 CMakeFiles/STM32_BLDC_Hall.elf.dir/User_program/IQ_math.c.obj
 .debug_aranges
                0x00000108       0x28 CMakeFiles/STM32_BLDC_Hall.elf.dir/User_program/PI_Cale.c.obj
 .debug_aranges
                0x00000130       0x20 CMakeFiles/STM32_BLDC_Hall.elf.dir/User_program/Svpwm_dq.c.obj
 .debug_aranges
                0x00000150       0x20 CMakeFiles/STM32_BLDC_Hall.elf.dir/User_program/Task_function.c.obj
 .debug_aranges
                0x00000170       0x30 CMakeFiles/STM32_BLDC_Hall.elf.dir/User_program/ThreeHall.c.obj
 .debug_aranges
                0x000001a0       0x20 CMakeFiles/STM32_BLDC_Hall.elf.dir/User_program/Tim1_ISR_MCLoop.c.obj
 .debug_aranges
                0x000001c0       0x38 CMakeFiles/STM32_BLDC_Hall.elf.dir/User_program/Tim1_PWM.c.obj
 .debug_aranges
                0x000001f8       0x20 CMakeFiles/STM32_BLDC_Hall.elf.dir/User_program/Tim4_Encoder_PWMDAC.c.obj
 .debug_aranges
                0x00000218       0x50 CMakeFiles/STM32_BLDC_Hall.elf.dir/User_program/Timer.c.obj
 .debug_aranges
                0x00000268       0x60 CMakeFiles/STM32_BLDC_Hall.elf.dir/User_program/printf_uart.c.obj
 .debug_aranges
                0x000002c8       0x40 CMakeFiles/STM32_BLDC_Hall.elf.dir/FWlib/src/misc.c.obj
 .debug_aranges
                0x00000308      0x138 CMakeFiles/STM32_BLDC_Hall.elf.dir/FWlib/src/stm32f10x_adc.c.obj
 .debug_aranges
                0x00000440       0x70 CMakeFiles/STM32_BLDC_Hall.elf.dir/FWlib/src/stm32f10x_dma.c.obj
 .debug_aranges
                0x000004b0       0xa8 CMakeFiles/STM32_BLDC_Hall.elf.dir/FWlib/src/stm32f10x_gpio.c.obj
 .debug_aranges
                0x00000558       0x20 CMakeFiles/STM32_BLDC_Hall.elf.dir/FWlib/src/stm32f10x_it.c.obj
 .debug_aranges
                0x00000578      0x118 CMakeFiles/STM32_BLDC_Hall.elf.dir/FWlib/src/stm32f10x_rcc.c.obj
 .debug_aranges
                0x00000690      0x2f0 CMakeFiles/STM32_BLDC_Hall.elf.dir/FWlib/src/stm32f10x_tim.c.obj
 .debug_aranges
                0x00000980      0x100 CMakeFiles/STM32_BLDC_Hall.elf.dir/FWlib/src/stm32f10x_usart.c.obj
 .debug_aranges
                0x00000a80       0x30 CMakeFiles/STM32_BLDC_Hall.elf.dir/main.c.obj
 .debug_aranges
                0x00000ab0       0x28 CMakeFiles/STM32_BLDC_Hall.elf.dir/startup/startup_stm32f103xb.s.obj
 .debug_aranges
                0x00000ad8       0x38 CMakeFiles/STM32_BLDC_Hall.elf.dir/CMSIS/system_stm32f10x.c.obj

.debug_rnglists
                0x00000000      0x813
 .debug_rnglists
                0x00000000       0x2d CMakeFiles/STM32_BLDC_Hall.elf.dir/User_program/ADC_int.c.obj
 .debug_rnglists
                0x0000002d       0x1f CMakeFiles/STM32_BLDC_Hall.elf.dir/User_program/Axis_transform.c.obj
 .debug_rnglists
                0x0000004c       0x43 CMakeFiles/STM32_BLDC_Hall.elf.dir/User_program/GPIO_int.c.obj
 .debug_rnglists
                0x0000008f       0x28 CMakeFiles/STM32_BLDC_Hall.elf.dir/User_program/IQ_math.c.obj
 .debug_rnglists
                0x000000b7       0x1a CMakeFiles/STM32_BLDC_Hall.elf.dir/User_program/PI_Cale.c.obj
 .debug_rnglists
                0x000000d1       0x14 CMakeFiles/STM32_BLDC_Hall.elf.dir/User_program/Svpwm_dq.c.obj
 .debug_rnglists
                0x000000e5       0x14 CMakeFiles/STM32_BLDC_Hall.elf.dir/User_program/Task_function.c.obj
 .debug_rnglists
                0x000000f9       0x22 CMakeFiles/STM32_BLDC_Hall.elf.dir/User_program/ThreeHall.c.obj
 .debug_rnglists
                0x0000011b       0x14 CMakeFiles/STM32_BLDC_Hall.elf.dir/User_program/Tim1_ISR_MCLoop.c.obj
 .debug_rnglists
                0x0000012f       0x27 CMakeFiles/STM32_BLDC_Hall.elf.dir/User_program/Tim1_PWM.c.obj
 .debug_rnglists
                0x00000156       0x14 CMakeFiles/STM32_BLDC_Hall.elf.dir/User_program/Tim4_Encoder_PWMDAC.c.obj
 .debug_rnglists
                0x0000016a       0x39 CMakeFiles/STM32_BLDC_Hall.elf.dir/User_program/Timer.c.obj
 .debug_rnglists
                0x000001a3       0x51 CMakeFiles/STM32_BLDC_Hall.elf.dir/User_program/printf_uart.c.obj
 .debug_rnglists
                0x000001f4       0x2c CMakeFiles/STM32_BLDC_Hall.elf.dir/FWlib/src/misc.c.obj
 .debug_rnglists
                0x00000220       0xe8 CMakeFiles/STM32_BLDC_Hall.elf.dir/FWlib/src/stm32f10x_adc.c.obj
 .debug_rnglists
                0x00000308       0x50 CMakeFiles/STM32_BLDC_Hall.elf.dir/FWlib/src/stm32f10x_dma.c.obj
 .debug_rnglists
                0x00000358       0x7d CMakeFiles/STM32_BLDC_Hall.elf.dir/FWlib/src/stm32f10x_gpio.c.obj
 .debug_rnglists
                0x000003d5       0x13 CMakeFiles/STM32_BLDC_Hall.elf.dir/FWlib/src/stm32f10x_it.c.obj
 .debug_rnglists
                0x000003e8       0xce CMakeFiles/STM32_BLDC_Hall.elf.dir/FWlib/src/stm32f10x_rcc.c.obj
 .debug_rnglists
                0x000004b6      0x23d CMakeFiles/STM32_BLDC_Hall.elf.dir/FWlib/src/stm32f10x_tim.c.obj
 .debug_rnglists
                0x000006f3       0xbf CMakeFiles/STM32_BLDC_Hall.elf.dir/FWlib/src/stm32f10x_usart.c.obj
 .debug_rnglists
                0x000007b2       0x21 CMakeFiles/STM32_BLDC_Hall.elf.dir/main.c.obj
 .debug_rnglists
                0x000007d3       0x19 CMakeFiles/STM32_BLDC_Hall.elf.dir/startup/startup_stm32f103xb.s.obj
 .debug_rnglists
                0x000007ec       0x27 CMakeFiles/STM32_BLDC_Hall.elf.dir/CMSIS/system_stm32f10x.c.obj

.debug_line     0x00000000     0x6ef8
 .debug_line    0x00000000      0x3d1 CMakeFiles/STM32_BLDC_Hall.elf.dir/User_program/ADC_int.c.obj
 .debug_line    0x000003d1      0x21a CMakeFiles/STM32_BLDC_Hall.elf.dir/User_program/Axis_transform.c.obj
 .debug_line    0x000005eb      0x343 CMakeFiles/STM32_BLDC_Hall.elf.dir/User_program/GPIO_int.c.obj
 .debug_line    0x0000092e      0x411 CMakeFiles/STM32_BLDC_Hall.elf.dir/User_program/IQ_math.c.obj
 .debug_line    0x00000d3f      0x235 CMakeFiles/STM32_BLDC_Hall.elf.dir/User_program/PI_Cale.c.obj
 .debug_line    0x00000f74      0x2a7 CMakeFiles/STM32_BLDC_Hall.elf.dir/User_program/Svpwm_dq.c.obj
 .debug_line    0x0000121b      0x278 CMakeFiles/STM32_BLDC_Hall.elf.dir/User_program/Task_function.c.obj
 .debug_line    0x00001493      0x67c CMakeFiles/STM32_BLDC_Hall.elf.dir/User_program/ThreeHall.c.obj
 .debug_line    0x00001b0f      0x406 CMakeFiles/STM32_BLDC_Hall.elf.dir/User_program/Tim1_ISR_MCLoop.c.obj
 .debug_line    0x00001f15      0x357 CMakeFiles/STM32_BLDC_Hall.elf.dir/User_program/Tim1_PWM.c.obj
 .debug_line    0x0000226c      0x27f CMakeFiles/STM32_BLDC_Hall.elf.dir/User_program/Tim4_Encoder_PWMDAC.c.obj
 .debug_line    0x000024eb      0x4c1 CMakeFiles/STM32_BLDC_Hall.elf.dir/User_program/Timer.c.obj
 .debug_line    0x000029ac      0x508 CMakeFiles/STM32_BLDC_Hall.elf.dir/User_program/printf_uart.c.obj
 .debug_line    0x00002eb4      0x301 CMakeFiles/STM32_BLDC_Hall.elf.dir/FWlib/src/misc.c.obj
 .debug_line    0x000031b5      0x876 CMakeFiles/STM32_BLDC_Hall.elf.dir/FWlib/src/stm32f10x_adc.c.obj
 .debug_line    0x00003a2b      0x466 CMakeFiles/STM32_BLDC_Hall.elf.dir/FWlib/src/stm32f10x_dma.c.obj
 .debug_line    0x00003e91      0x5b6 CMakeFiles/STM32_BLDC_Hall.elf.dir/FWlib/src/stm32f10x_gpio.c.obj
 .debug_line    0x00004447      0x21c CMakeFiles/STM32_BLDC_Hall.elf.dir/FWlib/src/stm32f10x_it.c.obj
 .debug_line    0x00004663      0x772 CMakeFiles/STM32_BLDC_Hall.elf.dir/FWlib/src/stm32f10x_rcc.c.obj
 .debug_line    0x00004dd5     0x1255 CMakeFiles/STM32_BLDC_Hall.elf.dir/FWlib/src/stm32f10x_tim.c.obj
 .debug_line    0x0000602a      0x746 CMakeFiles/STM32_BLDC_Hall.elf.dir/FWlib/src/stm32f10x_usart.c.obj
 .debug_line    0x00006770      0x3e2 CMakeFiles/STM32_BLDC_Hall.elf.dir/main.c.obj
 .debug_line    0x00006b52       0x79 CMakeFiles/STM32_BLDC_Hall.elf.dir/startup/startup_stm32f103xb.s.obj
 .debug_line    0x00006bcb      0x32d CMakeFiles/STM32_BLDC_Hall.elf.dir/CMSIS/system_stm32f10x.c.obj

.debug_str      0x00000000     0x3a47
 .debug_str     0x00000000     0x3a47 CMakeFiles/STM32_BLDC_Hall.elf.dir/User_program/ADC_int.c.obj
                                0x744 (size before relaxing)
 .debug_str     0x00003a47      0x25a CMakeFiles/STM32_BLDC_Hall.elf.dir/User_program/Axis_transform.c.obj
 .debug_str     0x00003a47      0x434 CMakeFiles/STM32_BLDC_Hall.elf.dir/User_program/GPIO_int.c.obj
 .debug_str     0x00003a47      0x2f0 CMakeFiles/STM32_BLDC_Hall.elf.dir/User_program/IQ_math.c.obj
 .debug_str     0x00003a47      0x258 CMakeFiles/STM32_BLDC_Hall.elf.dir/User_program/PI_Cale.c.obj
 .debug_str     0x00003a47      0x24b CMakeFiles/STM32_BLDC_Hall.elf.dir/User_program/Svpwm_dq.c.obj
 .debug_str     0x00003a47      0x3c4 CMakeFiles/STM32_BLDC_Hall.elf.dir/User_program/Task_function.c.obj
 .debug_str     0x00003a47      0x3f7 CMakeFiles/STM32_BLDC_Hall.elf.dir/User_program/ThreeHall.c.obj
 .debug_str     0x00003a47      0xa03 CMakeFiles/STM32_BLDC_Hall.elf.dir/User_program/Tim1_ISR_MCLoop.c.obj
 .debug_str     0x00003a47      0x9f5 CMakeFiles/STM32_BLDC_Hall.elf.dir/User_program/Tim1_PWM.c.obj
 .debug_str     0x00003a47      0x56d CMakeFiles/STM32_BLDC_Hall.elf.dir/User_program/Tim4_Encoder_PWMDAC.c.obj
 .debug_str     0x00003a47      0xa0c CMakeFiles/STM32_BLDC_Hall.elf.dir/User_program/Timer.c.obj
 .debug_str     0x00003a47      0xc47 CMakeFiles/STM32_BLDC_Hall.elf.dir/User_program/printf_uart.c.obj